Archive member included to satisfy reference by file (symbol)

C:/devkitPro/libnx/lib\libnx.a(event.o)
                              music_player.o (eventWait)
C:/devkitPro/libnx/lib\libnx.a(mutex.o)
                              music_player.o (mutexLock)
C:/devkitPro/libnx/lib\libnx.a(random.o)
                              music_player.o (randomGet64)
C:/devkitPro/libnx/lib\libnx.a(thread.o)
                              main.o (threadCreate)
C:/devkitPro/libnx/lib\libnx.a(virtmem.o)
                              C:/devkitPro/libnx/lib\libnx.a(thread.o) (virtmemLock)
C:/devkitPro/libnx/lib\libnx.a(wait.o)
                              C:/devkitPro/libnx/lib\libnx.a(event.o) (waitObjects)
C:/devkitPro/libnx/lib\libnx.a(audren.o)
                              music_player.o (audrenInitialize)
C:/devkitPro/libnx/lib\libnx.a(fs.o)
                              main.o (fsInitialize)
C:/devkitPro/libnx/lib\libnx.a(gpio.o)
                              main.o (gpioInitialize)
C:/devkitPro/libnx/lib\libnx.a(pm.o)
                              pm.o (pmdmntInitialize)
C:/devkitPro/libnx/lib\libnx.a(psc.o)
                              main.o (pscmInitialize)
C:/devkitPro/libnx/lib\libnx.a(set.o)
                              main.o (setsysInitialize)
C:/devkitPro/libnx/lib\libnx.a(sm.o)
                              main.o (smInitialize)
C:/devkitPro/libnx/lib\libnx.a(driver.o)
                              music_player.o (audrvCreate)
C:/devkitPro/libnx/lib\libnx.a(mempool.o)
                              music_player.o (audrvMemPoolAdd)
C:/devkitPro/libnx/lib\libnx.a(sink.o)
                              music_player.o (audrvDeviceSinkAdd)
C:/devkitPro/libnx/lib\libnx.a(voice.o)
                              music_player.o (audrvVoiceDrop)
C:/devkitPro/libnx/lib\libnx.a(alloc.o)
                              C:/devkitPro/libnx/lib\libnx.a(virtmem.o) (__libnx_alloc)
C:/devkitPro/libnx/lib\libnx.a(diag.o)
                              main.o (diagAbortWithResult)
C:/devkitPro/libnx/lib\libnx.a(env.o)
                              C:/devkitPro/libnx/lib\libnx.a(thread.o) (envGetMainThreadHandle)
C:/devkitPro/libnx/lib\libnx.a(hosversion.o)
                              aud.o (hosversionGet)
C:/devkitPro/libnx/lib\libnx.a(cache.o)
                              music_player.o (armDCacheFlush)
C:/devkitPro/libnx/lib\libnx.a(svc.o)
                              C:/devkitPro/libnx/lib\libnx.a(thread.o) (svcMapMemory)
C:/devkitPro/libnx/lib\libnx.a(readtp.o)
                              C:/devkitPro/libnx/lib\libnx.a(fs.o) (__aarch64_read_tp)
C:/devkitPro/libnx/lib\libnx.a(switch_crt0.o)
                              (_start)
C:/devkitPro/libnx/lib\libnx.a(tmem.o)
                              C:/devkitPro/libnx/lib\libnx.a(audren.o) (tmemCreate)
C:/devkitPro/libnx/lib\libnx.a(sessionmgr.o)
                              C:/devkitPro/libnx/lib\libnx.a(fs.o) (sessionmgrCreate)
C:/devkitPro/libnx/lib\libnx.a(applet.o)
                              C:/devkitPro/libnx/lib\libnx.a(audren.o) (appletGetAppletResourceUserId)
C:/devkitPro/libnx/lib\libnx.a(argv.o)
                              C:/devkitPro/libnx/lib\libnx.a(switch_crt0.o) (__system_argc)
C:/devkitPro/libnx/lib\libnx.a(dynamic.o)
                              C:/devkitPro/libnx/lib\libnx.a(switch_crt0.o) (__nx_dynamic)
C:/devkitPro/libnx/lib\libnx.a(init.o)
                              C:/devkitPro/libnx/lib\libnx.a(switch_crt0.o) (__libnx_init)
C:/devkitPro/libnx/lib\libnx.a(newlib.o)
                              C:/devkitPro/libnx/lib\libnx.a(init.o) (__libnx_init_time)
C:/devkitPro/libnx/lib\libnx.a(nxlink.o)
                              C:/devkitPro/libnx/lib\libnx.a(argv.o) (nxlinkSetup)
C:/devkitPro/libnx/lib\libnx.a(fs_dev.o)
                              C:/devkitPro/libnx/lib\libnx.a(init.o) (fsdevMountSdmc)
C:/devkitPro/libnx/lib\libnx.a(path_buf.o)
                              C:/devkitPro/libnx/lib\libnx.a(fs_dev.o) (__nx_dev_path_buf)
C:/devkitPro/libnx/lib\libnx.a(decode_utf8.o)
                              C:/devkitPro/libnx/lib\libnx.a(fs_dev.o) (decode_utf8)
C:/devkitPro/libnx/lib\libnx.a(exception.o)
                              C:/devkitPro/libnx/lib\libnx.a(switch_crt0.o) (__libnx_exception_entry)
C:/devkitPro/libnx/lib\libnx.a(condvar.o)
                              C:/devkitPro/libnx/lib\libnx.a(sessionmgr.o) (condvarWaitTimeout)
C:/devkitPro/libnx/lib\libnx.a(apm.o)
                              C:/devkitPro/libnx/lib\libnx.a(applet.o) (apmInitialize)
C:/devkitPro/libnx/lib\libnx.a(hid.o)
                              C:/devkitPro/libnx/lib\libnx.a(init.o) (hidInitialize)
C:/devkitPro/libnx/lib\libnx.a(time.o)
                              C:/devkitPro/libnx/lib\libnx.a(init.o) (timeInitialize)
C:/devkitPro/libnx/lib\libnx.a(shmem.o)
                              C:/devkitPro/libnx/lib\libnx.a(hid.o) (shmemLoadRemote)
[...]
Memory Configuration

Name             Origin             Length             Attributes
*default*        0x0000000000000000 0xffffffffffffffff

Linker script and memory map

                0x0000000000000000                PROVIDE (__start__ = 0x0)
                0x0000000000000000                . = __start__
                [!provide]                        PROVIDE (__code_start = .)

.text           0x0000000000000000    0x36c50
 *(.crt0)
 .crt0          0x0000000000000000      0x124 C:/devkitPro/libnx/lib\libnx.a(switch_crt0.o)
                0x0000000000000000                _start
                0x00000000000000e0                __nx_exit
                0x00000000000000f0                __nx_mod0
 *(.text.unlikely .text.*_unlikely .text.unlikely.*)
 .text.unlikely._ZSt19__throw_logic_errorPKc
                0x0000000000000124       0x50 C:/devkitPro/devkitA64/bin/../lib/gcc/aarch64-none-elf/15.1.0/../../../../aarch64-none-elf/lib/pic\libstdc++.a(functexcept.o)
                0x0000000000000124                std::__throw_logic_error(char const*)
 .text.unlikely._ZSt20__throw_length_errorPKc
                0x0000000000000174       0x50 C:/devkitPro/devkitA64/bin/../lib/gcc/aarch64-none-elf/15.1.0/../../../../aarch64-none-elf/lib/pic\libstdc++.a(functexcept.o)
                0x0000000000000174                std::__throw_length_error(char const*)
 .text.unlikely._ZSt25__throw_bad_function_callv
                0x00000000000001c4       0x34 C:/devkitPro/devkitA64/bin/../lib/gcc/aarch64-none-elf/15.1.0/../../../../aarch64-none-elf/lib/pic\libstdc++.a(functional.o)
                0x00000000000001c4                std::__throw_bad_function_call()
 .text.unlikely._ZNSt7__cxx1112basic_stringIcSt11char_traitsIcESaIcEE15_M_replace_coldEPcmPKcmm
                0x00000000000001f8      0x180 C:/devkitPro/devkitA64/bin/../lib/gcc/aarch64-none-elf/15.1.0/../../../../aarch64-none-elf/lib/pic\libstdc++.a(string-inst.o)
                0x00000000000001f8                std::__cxx11::basic_string<char, std::char_traits<char>, std::allocator<char> >::_M_replace_cold(char*, unsigned long, char const*, unsigned long, unsigned long)
 .text.unlikely._ZN9__gnu_cxx30__throw_concurrence_lock_errorEv
                0x0000000000000378       0x34 C:/devkitPro/devkitA64/bin/../lib/gcc/aarch64-none-elf/15.1.0/../../../../aarch64-none-elf/lib/pic\libstdc++.a(eh_alloc.o)
                0x0000000000000378                __gnu_cxx::__throw_concurrence_lock_error()
 .text.unlikely._ZN9__gnu_cxx32__throw_concurrence_unlock_errorEv
                0x00000000000003ac       0x34 C:/devkitPro/devkitA64/bin/../lib/gcc/aarch64-none-elf/15.1.0/../../../../aarch64-none-elf/lib/pic\libstdc++.a(eh_alloc.o)
                0x00000000000003ac                __gnu_cxx::__throw_concurrence_unlock_error()
 .text.unlikely._ZSt9terminatev
                0x00000000000003e0       0x10 C:/devkitPro/devkitA64/bin/../lib/gcc/aarch64-none-elf/15.1.0/../../../../aarch64-none-elf/lib/pic\libstdc++.a(eh_terminate.o)
                0x00000000000003e0                std::terminate()
 .text.unlikely._ZSt10unexpectedv
                0x00000000000003f0       0x10 C:/devkitPro/devkitA64/bin/../lib/gcc/aarch64-none-elf/15.1.0/../../../../aarch64-none-elf/lib/pic\libstdc++.a(eh_terminate.o)
                0x00000000000003f0                std::unexpected()
 .text.unlikely.__cxa_call_terminate
                0x0000000000000400       0x44 C:/devkitPro/devkitA64/bin/../lib/gcc/aarch64-none-elf/15.1.0/../../../../aarch64-none-elf/lib/pic\libstdc++.a(eh_call.o)
                0x0000000000000400                __cxa_call_terminate
 *(.text.exit .text.exit.*)
 *fill*         0x0000000000000444       0x1c 
 .text.exit._GLOBAL__sub_D_eh_globals.cc
                0x0000000000000460       0x34 C:/devkitPro/devkitA64/bin/../lib/gcc/aarch64-none-elf/15.1.0/../../../../aarch64-none-elf/lib/pic\libstdc++.a(eh_globals.o)
 *fill*         0x0000000000000494        0xc 
 .text.exit     0x00000000000004a0       0x34 C:/devkitPro/devkitA64/bin/../lib/gcc/aarch64-none-elf/15.1.0/../../../../aarch64-none-elf/lib/pic\libg.a(libc_a-exit.o)
                0x00000000000004a0                exit
 *(.text.startup .text.startup.*)
 *fill*         0x00000000000004d4        0xc 
 .text.startup.main
                0x00000000000004e0      0x29c main.o
                0x00000000000004e0                main
 *fill*         0x000000000000077c        0x4 
 .text.startup._GLOBAL__sub_I__ZN4tune4impl10InitializeEPSt6vectorINS0_13PlaylistEntryESaIS2_EEPS1_IjSaIjEEPS2_
                0x0000000000000780       0x1c music_player.o
 *fill*         0x000000000000079c        0x4 
 .text.startup._GLOBAL__sub_I_eh_alloc.cc
                0x00000000000007a0      0x1f0 C:/devkitPro/devkitA64/bin/../lib/gcc/aarch64-none-elf/15.1.0/../../../../aarch64-none-elf/lib/pic\libstdc++.a(eh_alloc.o)
 *fill*         0x0000000000000990       0x10 
 .text.startup._GLOBAL__sub_I_eh_globals.cc
                0x00000000000009a0       0x38 C:/devkitPro/devkitA64/bin/../lib/gcc/aarch64-none-elf/15.1.0/../../../../aarch64-none-elf/lib/pic\libstdc++.a(eh_globals.o)
 *(.text.hot .text.hot.*)
 *(.text .stub .text.* .gnu.linkonce.t.*)
 *fill*         0x00000000000009d8        0x8 
 .text.__do_global_dtors_aux
                0x00000000000009e0       0x50 C:/devkitPro/devkitA64/bin/../lib/gcc/aarch64-none-elf/15.1.0/pic/crtbegin.o
 *fill*         0x0000000000000a30       0x10 
 .text.frame_dummy
                0x0000000000000a40       0x24 C:/devkitPro/devkitA64/bin/../lib/gcc/aarch64-none-elf/15.1.0/pic/crtbegin.o
 *fill*         0x0000000000000a64        0xc 
 .text.__libnx_initheap
                0x0000000000000a70       0x2c main.o
                0x0000000000000a70                __libnx_initheap
 *fill*         0x0000000000000a9c        0x4 
 .text.__appInit
                0x0000000000000aa0       0x80 main.o
                0x0000000000000aa0                __appInit
 .text.__appExit
                0x0000000000000b20       0x24 main.o
                0x0000000000000b20                __appExit
 *fill*         0x0000000000000b44        0xc 
 .text._ZN4tune12_GLOBAL__N_1L18ServiceHandlerFuncEPvPK16IpcServerRequestPhPm
                0x0000000000000b50      0x3c0 tune_service.o
 .text._ZN4tune16InitializeServerEv
                0x0000000000000f10       0x18 tune_service.o
                0x0000000000000f10                tune::InitializeServer()
 *fill*         0x0000000000000f28        0x8 
 .text._ZN4tune10ExitServerEv
                0x0000000000000f30        0xc tune_service.o
                0x0000000000000f30                tune::ExitServer()
 *fill*         0x0000000000000f3c        0x4 
 .text._ZN4tune11LoopProcessEv
                0x0000000000000f40       0x5c tune_service.o
                0x0000000000000f40                tune::LoopProcess()
 *fill*         0x0000000000000f9c        0x4 
 .text._ZN13LockableMutexD2Ev
                0x0000000000000fa0        0x4 music_player.o
                0x0000000000000fa0                LockableMutex::~LockableMutex()
                0x0000000000000fa0                LockableMutex::~LockableMutex()
 *fill*         0x0000000000000fa4        0xc 
 .text._ZN13LockableMutexD0Ev
                0x0000000000000fb0        0x8 music_player.o
                0x0000000000000fb0                LockableMutex::~LockableMutex()
 *fill*         0x0000000000000fb8        0x8 
 .text._ZN4tune4impl12_GLOBAL__N_1L19endsWithInsensitiveEPKcS3_
                0x0000000000000fc0       0xa4 music_player.o
 *fill*         0x0000000000001064        0xc 
 .text._ZN4tune4impl12_GLOBAL__N_1L9audioInitEv
                0x0000000000001070       0xf8 music_player.o
 *fill*         0x0000000000001168        0x8 
 .text._ZNSt17_Function_handlerIFvPKcRmEZN4tune4impl12_GLOBAL__N_1L30scanAndPopulateDefaultPlaylistEmEUlS1_S2_E_E10_M_managerERSt9_Any_dataRKS9_St18_Manager_operation
                0x0000000000001170       0x88 music_player.o
 *fill*         0x00000000000011f8        0x8 
 .text._ZN4tune4impl4ExitEv
                0x0000000000001200      0x2f0 music_player.o
                0x0000000000001200                tune::impl::Exit()
 .text._ZN4tune4impl14PscmThreadFuncEPv
                0x00000000000014f0       0xc8 music_player.o
                0x00000000000014f0                tune::impl::PscmThreadFunc(void*)
 *fill*         0x00000000000015b8        0x8 
 .text._ZN4tune4impl14GpioThreadFuncEPv
                0x00000000000015c0       0xa8 music_player.o
                0x00000000000015c0                tune::impl::GpioThreadFunc(void*)
 *fill*         0x0000000000001668        0x8 
 .text._ZN4tune4impl16PmdmntThreadFuncEPv
                0x0000000000001670      0x16c music_player.o
                0x0000000000001670                tune::impl::PmdmntThreadFunc(void*)
 *fill*         0x00000000000017dc        0x4 
 .text._ZN4tune4impl9GetStatusEv
                0x00000000000017e0       0x10 music_player.o
                0x00000000000017e0                tune::impl::GetStatus()
 .text._ZN4tune4impl4PlayEv
                0x00000000000017f0       0x10 music_player.o
                0x00000000000017f0                tune::impl::Play()
 .text._ZN4tune4impl5PauseEv
                0x0000000000001800       0x14 music_player.o
                0x0000000000001800                tune::impl::Pause()
 *fill*         0x0000000000001814        0xc 
 .text._ZN4tune4impl4NextEv
                0x0000000000001820       0xa4 music_player.o
                0x0000000000001820                tune::impl::Next()
 *fill*         0x00000000000018c4        0xc 
 .text._ZN4tune4impl4PrevEv
                0x00000000000018d0       0x74 music_player.o
                0x00000000000018d0                tune::impl::Prev()
 *fill*         0x0000000000001944        0xc 
 .text._ZN4tune4impl9GetVolumeEv
                0x0000000000001950       0x10 music_player.o
                0x0000000000001950                tune::impl::GetVolume()
 .text._ZN4tune4impl9SetVolumeEf
                0x0000000000001960       0x30 music_player.o
                0x0000000000001960                tune::impl::SetVolume(float)
 .text._ZN4tune4impl14GetTitleVolumeEv
                0x0000000000001990        0xc music_player.o
                0x0000000000001990                tune::impl::GetTitleVolume()
 *fill*         0x000000000000199c        0x4 
 .text._ZN4tune4impl14SetTitleVolumeEf
                0x00000000000019a0       0x24 music_player.o
                0x00000000000019a0                tune::impl::SetTitleVolume(float)
 *fill*         0x00000000000019c4        0xc 
 .text._ZN4tune4impl21GetDefaultTitleVolumeEv
                0x00000000000019d0        0xc music_player.o
                0x00000000000019d0                tune::impl::GetDefaultTitleVolume()
 *fill*         0x00000000000019dc        0x4 
 .text._ZN4tune4impl21SetDefaultTitleVolumeEf
                0x00000000000019e0       0x24 music_player.o
                0x00000000000019e0                tune::impl::SetDefaultTitleVolume(float)
 *fill*         0x0000000000001a04        0xc 
 .text._ZN4tune4impl13GetRepeatModeEv
                0x0000000000001a10        0xc music_player.o
                0x0000000000001a10                tune::impl::GetRepeatMode()
 *fill*         0x0000000000001a1c        0x4 
 .text._ZN4tune4impl13SetRepeatModeENS_10RepeatModeE
                0x0000000000001a20        0xc music_player.o
                0x0000000000001a20                tune::impl::SetRepeatMode(tune::RepeatMode)
 *fill*         0x0000000000001a2c        0x4 
 .text._ZN4tune4impl14GetShuffleModeEv
                0x0000000000001a30        0xc music_player.o
                0x0000000000001a30                tune::impl::GetShuffleMode()
 *fill*         0x0000000000001a3c        0x4 
 .text._ZN4tune4impl14SetShuffleModeENS_11ShuffleModeE
                0x0000000000001a40       0x38 music_player.o
                0x0000000000001a40                tune::impl::SetShuffleMode(tune::ShuffleMode)
 *fill*         0x0000000000001a78        0x8 
 .text._ZN4tune4impl15GetPlaylistSizeEv
                0x0000000000001a80       0x54 music_player.o
                0x0000000000001a80                tune::impl::GetPlaylistSize()
 *fill*         0x0000000000001ad4        0xc 
 .text._ZN4tune4impl15GetPlaylistItemEjPcm
                0x0000000000001ae0       0xb0 music_player.o
                0x0000000000001ae0                tune::impl::GetPlaylistItem(unsigned int, char*, unsigned long)
 .text._ZN4tune4impl19GetCurrentQueueItemEPNS_12CurrentStatsEPcm
                0x0000000000001b90      0x114 music_player.o
                0x0000000000001b90                tune::impl::GetCurrentQueueItem(tune::CurrentStats*, char*, unsigned long)
 *fill*         0x0000000000001ca4        0xc 
 .text._ZN4tune4impl10ClearQueueEv
                0x0000000000001cb0       0xa8 music_player.o
                0x0000000000001cb0                tune::impl::ClearQueue()
 *fill*         0x0000000000001d58        0x8 
 .text._ZN4tune4impl6SelectEj
                0x0000000000001d60      0x104 music_player.o
                0x0000000000001d60                tune::impl::Select(unsigned int)
 *fill*         0x0000000000001e64        0xc 
 .text._ZN4tune4impl4SeekEj
                0x0000000000001e70       0x6c music_player.o
                0x0000000000001e70                tune::impl::Seek(unsigned int)
 *fill*         0x0000000000001edc        0x4 
 .text._ZN4tune4impl6RemoveEj
                0x0000000000001ee0      0x298 music_player.o
                0x0000000000001ee0                tune::impl::Remove(unsigned int)
 *fill*         0x0000000000002178        0x8 
 .text._ZN4tune4impl14TuneThreadFuncEPv
                0x0000000000002180      0x878 music_player.o
                0x0000000000002180                tune::impl::TuneThreadFunc(void*)
 *fill*         0x00000000000029f8        0x8 
 .text._ZNSt6vectorIN4tune4impl13PlaylistEntryESaIS2_EE17_M_realloc_appendIJRKS2_EEEvDpOT_
                0x0000000000002a00      0x18c music_player.o
                0x0000000000002a00                void std::vector<tune::impl::PlaylistEntry, std::allocator<tune::impl::PlaylistEntry> >::_M_realloc_append<tune::impl::PlaylistEntry const&>(tune::impl::PlaylistEntry const&)
 *fill*         0x0000000000002b8c        0x4 
 .text._ZZN4tune4impl12_GLOBAL__N_1L30scanAndPopulateDefaultPlaylistEmENKUlPKcRmE_clES3_S4_
                0x0000000000002b90      0x504 music_player.o
 *fill*         0x0000000000003094        0xc 
 .text._ZNSt17_Function_handlerIFvPKcRmEZN4tune4impl12_GLOBAL__N_1L30scanAndPopulateDefaultPlaylistEmEUlS1_S2_E_E9_M_invokeERKSt9_Any_dataOS1_S2_
                0x00000000000030a0        0xc music_player.o
 *fill*         0x00000000000030ac        0x4 
 .text._ZN4tune4impl10InitializeEPSt6vectorINS0_13PlaylistEntryESaIS2_EEPS1_IjSaIjEEPS2_
                0x00000000000030b0      0x750 music_player.o
                0x00000000000030b0                tune::impl::Initialize(std::vector<tune::impl::PlaylistEntry, std::allocator<tune::impl::PlaylistEntry> >*, std::vector<unsigned int, std::allocator<unsigned int> >*, tune::impl::PlaylistEntry*)
 .text._ZNSt6vectorIN4tune4impl13PlaylistEntryESaIS2_EE13_M_insert_auxIS2_EEvN9__gnu_cxx17__normal_iteratorIPS2_S4_EEOT_
                0x0000000000003800      0x2b0 music_player.o
                0x0000000000003800                void std::vector<tune::impl::PlaylistEntry, std::allocator<tune::impl::PlaylistEntry> >::_M_insert_aux<tune::impl::PlaylistEntry>(__gnu_cxx::__normal_iterator<tune::impl::PlaylistEntry*, std::vector<tune::impl::PlaylistEntry, std::allocator<tune::impl::PlaylistEntry> > >, tune::impl::PlaylistEntry&&)
 .text._ZNSt6vectorIN4tune4impl13PlaylistEntryESaIS2_EE17_M_realloc_insertIJRKS2_EEEvN9__gnu_cxx17__normal_iteratorIPS2_S4_EEDpOT_
                0x0000000000003ab0      0x228 music_player.o
                0x0000000000003ab0                void std::vector<tune::impl::PlaylistEntry, std::allocator<tune::impl::PlaylistEntry> >::_M_realloc_insert<tune::impl::PlaylistEntry const&>(__gnu_cxx::__normal_iterator<tune::impl::PlaylistEntry*, std::vector<tune::impl::PlaylistEntry, std::allocator<tune::impl::PlaylistEntry> > >, tune::impl::PlaylistEntry const&)
 *fill*         0x0000000000003cd8        0x8 
 .text._ZN4tune4impl7EnqueueEPKcmNS_11EnqueueTypeE
                0x0000000000003ce0      0x730 music_player.o
                0x0000000000003ce0                tune::impl::Enqueue(char const*, unsigned long, tune::EnqueueType)
 .text._ZN4tune4impl13MoveQueueItemEjj
                0x0000000000004410      0x574 music_player.o
                0x0000000000004410                tune::impl::MoveQueueItem(unsigned int, unsigned int)
 *fill*         0x0000000000004984        0xc 
 .text._ZL17drmp3_bs_get_bitsP8drmp3_bsi
                0x0000000000004990       0xa4 source.o
 *fill*         0x0000000000004a34        0xc 
 .text._ZL15drmp3_L3_dct3_9Pf
                0x0000000000004a40      0x114 source.o
 *fill*         0x0000000000004b54        0xc 
 .text._ZL16drmp3_L3_imdct12PfS_S_
                0x0000000000004b60      0x100 source.o
 .text._ZL17drmp3d_synth_pairPsiPKf
                0x0000000000004c60      0x1f4 source.o
 *fill*         0x0000000000004e54        0xc 
 .text._ZL24drwav__read_chunk_headerPFmPvS_mES_15drwav_containerPmP18drwav_chunk_header
                0x0000000000004e60      0x108 source.o
 *fill*         0x0000000000004f68        0x8 
 .text._ZL19drwav__seek_forwardPFjPvi17drwav_seek_originEmS_
                0x0000000000004f70       0x74 source.o
 *fill*         0x0000000000004fe4        0xc 
 .text._ZN12_GLOBAL__N_1L16FlacSeekCallbackEPvi18drflac_seek_origin
                0x0000000000004ff0       0x30 source.o
 .text._ZN8FlacFile6IsOpenEv
                0x0000000000005020       0x10 source.o
                0x0000000000005020                FlacFile::IsOpen()
 .text._ZN8FlacFile13GetSampleRateEv
                0x0000000000005030        0xc source.o
                0x0000000000005030                FlacFile::GetSampleRate()
 *fill*         0x000000000000503c        0x4 
 .text._ZN8FlacFile15GetChannelCountEv
                0x0000000000005040        0xc source.o
                0x0000000000005040                FlacFile::GetChannelCount()
 *fill*         0x000000000000504c        0x4 
 .text._ZN7Mp3File6IsOpenEv
                0x0000000000005050        0xc source.o
                0x0000000000005050                Mp3File::IsOpen()
 *fill*         0x000000000000505c        0x4 
 .text._ZN7Mp3File13GetSampleRateEv
                0x0000000000005060        0x8 source.o
                0x0000000000005060                Mp3File::GetSampleRate()
 *fill*         0x0000000000005068        0x8 
 .text._ZN7Mp3File15GetChannelCountEv
                0x0000000000005070        0x8 source.o
                0x0000000000005070                Mp3File::GetChannelCount()
 *fill*         0x0000000000005078        0x8 
 .text._ZN7WavFile6IsOpenEv
                0x0000000000005080        0x8 source.o
                0x0000000000005080                WavFile::IsOpen()
 *fill*         0x0000000000005088        0x8 
 .text._ZN7WavFile13GetSampleRateEv
                0x0000000000005090        0x8 source.o
                0x0000000000005090                WavFile::GetSampleRate()
 *fill*         0x0000000000005098        0x8 
 .text._ZN7WavFile15GetChannelCountEv
                0x00000000000050a0        0x8 source.o
                0x00000000000050a0                WavFile::GetChannelCount()
 *fill*         0x00000000000050a8        0x8 
 .text._ZL20drflac__seek_to_byteP9drflac_bsm
                0x00000000000050b0       0xf8 source.o
 *fill*         0x00000000000051a8        0x8 
 .text._ZL34drwav_read_pcm_frames_s16__msadpcmP5drwavmPs
                0x00000000000051b0      0x3a4 source.o
 *fill*         0x0000000000005554        0xc 
 .text._ZL30drwav_read_pcm_frames_s16__imaP5drwavmPs
                0x0000000000005560      0x3e4 source.o
 *fill*         0x0000000000005944        0xc 
 .text._ZL29drmp3__realloc_from_callbacksPvmmPK26drmp3_allocation_callbacks
                0x0000000000005950       0xa0 source.o
 .text._ZL20drflac__free_defaultPvS_
                0x00000000000059f0        0x4 source.o
 *fill*         0x00000000000059f4        0xc 
 .text._ZL23drflac__realloc_defaultPvmS_
                0x0000000000005a00        0x4 source.o
 *fill*         0x0000000000005a04        0xc 
 .text._ZL22drflac__malloc_defaultmPv
                0x0000000000005a10        0x4 source.o
 *fill*         0x0000000000005a14        0xc 
 .text._ZL20drflac__reload_cacheP9drflac_bs
                0x0000000000005a20      0x368 source.o
 *fill*         0x0000000000005d88        0x8 
 .text._ZL18drflac__read_int32P9drflac_bsjPi
                0x0000000000005d90      0x18c source.o
 *fill*         0x0000000000005f1c        0x4 
 .text._ZL18drflac__read_uint8P9drflac_bsjPh
                0x0000000000005f20      0x12c source.o
 *fill*         0x000000000000604c        0x4 
 .text._ZL30drflac__read_utf8_coded_numberP9drflac_bsPmPh
                0x0000000000006050      0x184 source.o
 *fill*         0x00000000000061d4        0xc 
 .text._ZL19drflac__read_uint16P9drflac_bsjPt
                0x00000000000061e0      0x12c source.o
 *fill*         0x000000000000630c        0x4 
 .text._ZL28drflac__read_subframe_headerP9drflac_bsP15drflac_subframe
                0x0000000000006310      0x19c source.o
 *fill*         0x00000000000064ac        0x4 
 .text._ZL16drmp3_L3_imdct36PfS_PKfi
                0x00000000000064b0      0x1bc source.o
 *fill*         0x000000000000666c        0x4 
 .text._ZL13drmp3d_DCT_IIPfi
                0x0000000000006670      0x2fc source.o
 *fill*         0x000000000000696c        0x4 
 .text._ZN7Mp3File4TellEv
                0x0000000000006970       0x48 source.o
                0x0000000000006970                Mp3File::Tell()
 *fill*         0x00000000000069b8        0x8 
 .text._ZN8FlacFile4TellEv
                0x00000000000069c0       0x4c source.o
                0x00000000000069c0                FlacFile::Tell()
 *fill*         0x0000000000006a0c        0x4 
 .text._ZN7WavFile4TellEv
                0x0000000000006a10       0x58 source.o
                0x0000000000006a10                WavFile::Tell()
 *fill*         0x0000000000006a68        0x8 
 .text._ZL22drwav__seek_from_startPFjPvi17drwav_seek_originEmS_
                0x0000000000006a70       0xc4 source.o
 *fill*         0x0000000000006b34        0xc 
 .text._ZL14drwav__on_readPFmPvS_mES_S_mPm
                0x0000000000006b40       0x60 source.o
 .text._ZL20drmp3d_synth_granulePfS_iiPsS_.constprop.0
                0x0000000000006ba0      0x440 source.o
 .text._ZL60drflac__decode_samples_with_residual__rice__scalar_zeroorderP9drflac_bsjjhjiPKiPi.constprop.0
                0x0000000000006fe0      0x6d4 source.o
 *fill*         0x00000000000076b4        0xc 
 .text._ZL50drflac__decode_samples_with_residual__rice__scalarP9drflac_bsjjhjiPKiPi
                0x00000000000076c0     0x5410 source.o
 .text._ZL36drflac__decode_samples_with_residualP9drflac_bsjjjiPKiPi
                0x000000000000cad0      0x9e4 source.o
 *fill*         0x000000000000d4b4        0xc 
 .text._ZL17drflac__seek_bitsP9drflac_bsm
                0x000000000000d4c0      0x1f0 source.o
 .text._ZL35drflac__read_next_flac_frame_headerP9drflac_bshP19drflac_frame_header
                0x000000000000d6b0      0x7c8 source.o
 *fill*         0x000000000000de78        0x8 
 .text._ZL28drflac__init_private__nativeP16drflac_init_infoPFmPvS1_mEPFjS1_i18drflac_seek_originEPFvS1_P15drflac_metadataES1_S1_j.constprop.0
                0x000000000000de80      0x244 source.o
 *fill*         0x000000000000e0c4        0xc 
 .text._ZL30drflac__read_and_seek_residualP9drflac_bsjj
                0x000000000000e0d0      0x798 source.o
 *fill*         0x000000000000e868        0x8 
 .text._ZL23drflac__seek_flac_frameP6drflac
                0x000000000000e870      0x590 source.o
 .text._ZL27drflac__free_from_callbacksPvPK27drflac_allocation_callbacks
                0x000000000000ee00       0x24 source.o
 *fill*         0x000000000000ee24        0xc 
 .text._ZL29drflac__malloc_from_callbacksmPK27drflac_allocation_callbacks
                0x000000000000ee30       0x38 source.o
 *fill*         0x000000000000ee68        0x8 
 .text._ZL25drflac__decode_flac_frameP6drflac
                0x000000000000ee70      0x76c source.o
 *fill*         0x000000000000f5dc        0x4 
 .text._ZL39drflac__read_and_decode_next_flac_frameP6drflac
                0x000000000000f5e0       0x78 source.o
 *fill*         0x000000000000f658        0x8 
 .text._ZL34drflac__seek_forward_by_pcm_framesP6drflacm
                0x000000000000f660       0xc4 source.o
 *fill*         0x000000000000f724        0xc 
 .text.drflac_read_pcm_frames_s16.part.0
                0x000000000000f730      0xd64 source.o
 *fill*         0x0000000000010494        0xc 
 .text._ZL21drmp3__malloc_defaultmPv
                0x00000000000104a0        0x4 source.o
 *fill*         0x00000000000104a4        0xc 
 .text._ZL21drwav__malloc_defaultmPv
                0x00000000000104b0        0x4 source.o
 *fill*         0x00000000000104b4        0xc 
 .text._ZL22drmp3__realloc_defaultPvmS_
                0x00000000000104c0        0x4 source.o
 *fill*         0x00000000000104c4        0xc 
 .text._ZL22drwav__realloc_defaultPvmS_
                0x00000000000104d0        0x4 source.o
 *fill*         0x00000000000104d4        0xc 
 .text._ZL19drmp3__free_defaultPvS_
                0x00000000000104e0        0x4 source.o
 *fill*         0x00000000000104e4        0xc 
 .text._ZL19drwav__free_defaultPvS_
                0x00000000000104f0        0x4 source.o
 *fill*         0x00000000000104f4        0xc 
 .text._ZN12_GLOBAL__N_1L15Mp3SeekCallbackEPvi17drmp3_seek_origin
                0x0000000000010500       0x30 source.o
 .text._ZN12_GLOBAL__N_1L15WavSeekCallbackEPvi17drwav_seek_origin
                0x0000000000010530       0x30 source.o
 .text._ZN12_GLOBAL__N_1L12ReadCallbackEPvS0_m
                0x0000000000010560       0x60 source.o
 .text._ZL29drmp3_seek_to_start_of_streamP5drmp3
                0x00000000000105c0       0xa8 source.o
 *fill*         0x0000000000010668        0x8 
 .text._ZL21drmp3_hdr_frame_bytesPKhi
                0x0000000000010670       0xb8 source.o
 *fill*         0x0000000000010728        0x8 
 .text._ZL17drmp3_hdr_comparePKhS0_
                0x0000000000010730       0xa0 source.o
 .text._ZN7Mp3FileD2Ev
                0x00000000000107d0       0x70 source.o
                0x00000000000107d0                Mp3File::~Mp3File()
                0x00000000000107d0                Mp3File::~Mp3File()
 .text._ZN7Mp3FileD0Ev
                0x0000000000010840       0x6c source.o
                0x0000000000010840                Mp3File::~Mp3File()
 *fill*         0x00000000000108ac        0x4 
 .text._ZN8FlacFile6DecodeEmPs
                0x00000000000108b0       0x80 source.o
                0x00000000000108b0                FlacFile::Decode(unsigned long, short*)
 .text._ZL46drflac__seek_to_approximate_flac_frame_to_byteP6drflacmmmPm
                0x0000000000010930      0x1c8 source.o
 *fill*         0x0000000000010af8        0x8 
 .text._ZL49drflac__seek_to_pcm_frame__binary_search_internalP6drflacmmm
                0x0000000000010b00      0x260 source.o
 .text._ZN8FlacFileD2Ev
                0x0000000000010d60       0x64 source.o
                0x0000000000010d60                FlacFile::~FlacFile()
                0x0000000000010d60                FlacFile::~FlacFile()
 *fill*         0x0000000000010dc4        0xc 
 .text._ZN8FlacFileD0Ev
                0x0000000000010dd0       0x5c source.o
                0x0000000000010dd0                FlacFile::~FlacFile()
 *fill*         0x0000000000010e2c        0x4 
 .text._ZL20drwav_init__internalP5drwavPFmPvPFmS1_S1_mEPFjS1_i17drwav_seek_originES1_PK18drwav_chunk_header15drwav_containerPK9drwav_fmtES1_j
                0x0000000000010e30      0xa60 source.o
 .text._ZL33drflac_open_with_metadata_privatePFmPvS_mEPFjS_i18drflac_seek_originEPFvS_P15drflac_metadataE16drflac_containerS_S_PK27drflac_allocation_callbacks
                0x0000000000011890      0xc1c source.o
 *fill*         0x00000000000124ac        0x4 
 .text.drflac_seek_to_pcm_frame
                0x00000000000124b0      0x758 source.o
                0x00000000000124b0                drflac_seek_to_pcm_frame
 *fill*         0x0000000000012c08        0x8 
 .text._ZN8FlacFile4SeekEm
                0x0000000000012c10       0x48 source.o
                0x0000000000012c10                FlacFile::Seek(unsigned long)
 *fill*         0x0000000000012c58        0x8 
 .text.drmp3dec_decode_frame
                0x0000000000012c60     0x2648 source.o
                0x0000000000012c60                drmp3dec_decode_frame
 *fill*         0x00000000000152a8        0x8 
 .text._ZL26drmp3_decode_next_frame_exP5drmp3Ps
                0x00000000000152b0      0x2d8 source.o
 *fill*         0x0000000000015588        0x8 
 .text._ZL19drmp3_init_internalP5drmp3PFmPvS1_mEPFjS1_i17drmp3_seek_originES1_PK26drmp3_allocation_callbacks
                0x0000000000015590      0x110 source.o
 .text._ZL25drmp3_read_pcm_frames_rawP5drmp3mPv
                0x00000000000156a0      0x134 source.o
 *fill*         0x00000000000157d4        0xc 
 .text._ZN7Mp3File6DecodeEmPs
                0x00000000000157e0       0x54 source.o
                0x00000000000157e0                Mp3File::Decode(unsigned long, short*)
 *fill*         0x0000000000015834        0xc 
 .text.drmp3_seek_to_pcm_frame
                0x0000000000015840      0x300 source.o
                0x0000000000015840                drmp3_seek_to_pcm_frame
 .text._ZN7Mp3File4SeekEm
                0x0000000000015b40       0x48 source.o
                0x0000000000015b40                Mp3File::Seek(unsigned long)
 *fill*         0x0000000000015b88        0x8 
 .text.drmp3_get_mp3_and_pcm_frame_count
                0x0000000000015b90       0xbc source.o
                0x0000000000015b90                drmp3_get_mp3_and_pcm_frame_count
 *fill*         0x0000000000015c4c        0x4 
 .text.drwav_init_ex
                0x0000000000015c50       0xfc source.o
                0x0000000000015c50                drwav_init_ex
 *fill*         0x0000000000015d4c        0x4 
 .text.drwav_uninit
                0x0000000000015d50      0x1a8 source.o
                0x0000000000015d50                drwav_uninit
 *fill*         0x0000000000015ef8        0x8 
 .text._ZN7WavFileD2Ev
                0x0000000000015f00       0x5c source.o
                0x0000000000015f00                WavFile::~WavFile()
                0x0000000000015f00                WavFile::~WavFile()
 *fill*         0x0000000000015f5c        0x4 
 .text._ZN7WavFileD0Ev
                0x0000000000015f60       0x58 source.o
                0x0000000000015f60                WavFile::~WavFile()
 *fill*         0x0000000000015fb8        0x8 
 .text.drwav_read_pcm_frames_le
                0x0000000000015fc0       0xa8 source.o
                0x0000000000015fc0                drwav_read_pcm_frames_le
 *fill*         0x0000000000016068        0x8 
 .text._ZL31drwav_read_pcm_frames_s16__ieeeP5drwavmPs
                0x0000000000016070      0x1dc source.o
 *fill*         0x000000000001624c        0x4 
 .text._ZL31drwav_read_pcm_frames_s16__alawP5drwavmPs
                0x0000000000016250       0xf8 source.o
 *fill*         0x0000000000016348        0x8 
 .text._ZL32drwav_read_pcm_frames_s16__mulawP5drwavmPs
                0x0000000000016350       0xf8 source.o
 *fill*         0x0000000000016448        0x8 
 .text._Z29drwav_seek_to_first_pcm_frameP5drwav
                0x0000000000016450       0x70 source.o
                0x0000000000016450                drwav_seek_to_first_pcm_frame(drwav*)
 .text.drwav_seek_to_pcm_frame
                0x00000000000164c0      0x214 source.o
                0x00000000000164c0                drwav_seek_to_pcm_frame
 *fill*         0x00000000000166d4        0xc 
 .text._ZN7WavFile4SeekEm
                0x00000000000166e0       0x48 source.o
                0x00000000000166e0                WavFile::Seek(unsigned long)
 *fill*         0x0000000000016728        0x8 
 .text.drwav_s24_to_s16
                0x0000000000016730       0x38 source.o
                0x0000000000016730                drwav_s24_to_s16
 *fill*         0x0000000000016768        0x8 
 .text._ZL30drwav_read_pcm_frames_s16__pcmP5drwavmPs
                0x0000000000016770      0x2f8 source.o
 *fill*         0x0000000000016a68        0x8 
 .text.drwav_read_pcm_frames_s16
                0x0000000000016a70       0x64 source.o
                0x0000000000016a70                drwav_read_pcm_frames_s16
 *fill*         0x0000000000016ad4        0xc 
 .text._ZN7WavFile6DecodeEmPs
                0x0000000000016ae0       0x48 source.o
                0x0000000000016ae0                WavFile::Decode(unsigned long, short*)
 *fill*         0x0000000000016b28        0x8 
 .text._ZN6Source4DoneEv
                0x0000000000016b30       0x28 source.o
                0x0000000000016b30                Source::Done()
 *fill*         0x0000000000016b58        0x8 
 .text._Z8OpenFilePKc
                0x0000000000016b60      0x2f0 source.o
                0x0000000000016b60                OpenFile(char const*)
 .text._ZN4sdmc4OpenEv
                0x0000000000016e50        0xc sdmc.o
                0x0000000000016e50                sdmc::Open()
 *fill*         0x0000000000016e5c        0x4 
 .text._ZN4sdmc5CloseEv
                0x0000000000016e60        0xc sdmc.o
                0x0000000000016e60                sdmc::Close()
 *fill*         0x0000000000016e6c        0x4 
 .text._ZN4sdmc8OpenFileEP6FsFilePKci
                0x0000000000016e70       0x44 sdmc.o
                0x0000000000016e70                sdmc::OpenFile(FsFile*, char const*, int)
 *fill*         0x0000000000016eb4        0xc 
 .text._ZN4sdmc10FileExistsEPKc
                0x0000000000016ec0       0x44 sdmc.o
                0x0000000000016ec0                sdmc::FileExists(char const*)
 *fill*         0x0000000000016f04        0xc 
 .text._ZN4sdmc12CreateFolderEPKc
                0x0000000000016f10       0x34 sdmc.o
                0x0000000000016f10                sdmc::CreateFolder(char const*)
 *fill*         0x0000000000016f44        0xc 
 .text._ZN6config20get_autoplay_enabledEv
                0x0000000000016f50       0x38 config.o
                0x0000000000016f50                config::get_autoplay_enabled()
 *fill*         0x0000000000016f88        0x8 
 .text._ZN6config19get_title_blacklistEm
                0x0000000000016f90       0x58 config.o
                0x0000000000016f90                config::get_title_blacklist(unsigned long)
 *fill*         0x0000000000016fe8        0x8 
 .text._ZN6config19set_title_blacklistEmb
                0x0000000000016ff0       0x70 config.o
                0x0000000000016ff0                config::set_title_blacklist(unsigned long, bool)
 .text._ZN6config10get_repeatEv
                0x0000000000017060       0x30 config.o
                0x0000000000017060                config::get_repeat()
 .text._ZN6config11get_shuffleEv
                0x0000000000017090       0x38 config.o
                0x0000000000017090                config::get_shuffle()
 *fill*         0x00000000000170c8        0x8 
 .text._ZN6config10get_volumeEv
                0x00000000000170d0       0x40 config.o
                0x00000000000170d0                config::get_volume()
 .text._ZN6config10set_volumeEf
                0x0000000000017110       0x58 config.o
                0x0000000000017110                config::set_volume(float)
 *fill*         0x0000000000017168        0x8 
 .text._ZN6config24get_default_title_volumeEv
                0x0000000000017170       0x40 config.o
                0x0000000000017170                config::get_default_title_volume()
 .text._ZN6config24set_default_title_volumeEf
                0x00000000000171b0       0x58 config.o
                0x00000000000171b0                config::set_default_title_volume(float)
 *fill*         0x0000000000017208        0x8 
 .text._ZN6config16has_title_volumeEm
                0x0000000000017210       0x50 config.o
                0x0000000000017210                config::has_title_volume(unsigned long)
 .text._ZN6config16get_title_volumeEm
                0x0000000000017260       0x5c config.o
                0x0000000000017260                config::get_title_volume(unsigned long)
 *fill*         0x00000000000172bc        0x4 
 .text._ZN6config17has_title_enabledEm
                0x00000000000172c0       0x50 config.o
                0x00000000000172c0                config::has_title_enabled(unsigned long)
 .text._ZN6config17get_title_enabledEm
                0x0000000000017310       0x74 config.o
                0x0000000000017310                config::get_title_enabled(unsigned long)
 *fill*         0x0000000000017384        0xc 
 .text._ZN6config25get_title_enabled_defaultEv
                0x0000000000017390       0x38 config.o
                0x0000000000017390                config::get_title_enabled_default()
 *fill*         0x00000000000173c8        0x8 
 .text._ZN6config12get_playlistB5cxx11Ev
                0x00000000000173d0      0x384 config.o
                0x00000000000173d0                config::get_playlist[abi:cxx11]()
 *fill*         0x0000000000017754        0xc 
 .text._ZN6config13save_playlistERKSt6vectorINSt7__cxx1112basic_stringIcSt11char_traitsIcESaIcEEESaIS6_EE
                0x0000000000017760       0xd4 config.o
                0x0000000000017760                config::save_playlist(std::vector<std::__cxx11::basic_string<char, std::char_traits<char>, std::allocator<char> >, std::allocator<std::__cxx11::basic_string<char, std::char_traits<char>, std::allocator<char> > > > const&)
 *fill*         0x0000000000017834        0xc 
 .text._ZN6config18get_whitelist_modeEv
                0x0000000000017840       0x38 config.o
                0x0000000000017840                config::get_whitelist_mode()
 *fill*         0x0000000000017878        0x8 
 .text._ZN6config19get_title_whitelistEm
                0x0000000000017880       0x64 config.o
                0x0000000000017880                config::get_title_whitelist(unsigned long)
 *fill*         0x00000000000178e4        0xc 
 .text._ZN6config22set_last_playing_stateEb
                0x00000000000178f0       0x50 config.o
                0x00000000000178f0                config::set_last_playing_state(bool)
 .text._ZN2pm10InitializeEv
                0x0000000000017940       0x20 pm.o
                0x0000000000017940                pm::Initialize()
 .text._ZN2pm4ExitEv
                0x0000000000017960       0x14 pm.o
                0x0000000000017960                pm::Exit()
 *fill*         0x0000000000017974        0xc 
 .text._ZN2pm17PollCurrentPidTidEPmS0_
                0x0000000000017980       0x8c pm.o
                0x0000000000017980                pm::PollCurrentPidTid(unsigned long*, unsigned long*)
 *fill*         0x0000000000017a0c        0x4 
 .text.audaInitialize
                0x0000000000017a10       0x40 aud.o
                0x0000000000017a10                audaInitialize
 .text.audWrapperInitialize
                0x0000000000017a50       0x28 aud_wrapper.o
                0x0000000000017a50                audWrapperInitialize
 *fill*         0x0000000000017a78        0x8 
 .text.audWrapperExit
                0x0000000000017a80       0x28 aud_wrapper.o
                0x0000000000017a80                audWrapperExit
 *fill*         0x0000000000017aa8        0x8 
 .text.audoutaInitialize
                0x0000000000017ab0       0x44 audout.o
                0x0000000000017ab0                audoutaInitialize
 *fill*         0x0000000000017af4        0xc 
 .text.ini_open
                0x0000000000017b00       0xe0 minGlue.o
 .text.ini_openread
                0x0000000000017be0        0x8 minGlue.o
                0x0000000000017be0                ini_openread
 *fill*         0x0000000000017be8        0x8 
 .text.ini_openwrite
                0x0000000000017bf0        0x8 minGlue.o
                0x0000000000017bf0                ini_openwrite
 *fill*         0x0000000000017bf8        0x8 
 .text.ini_openrewrite
                0x0000000000017c00        0x8 minGlue.o
                0x0000000000017c00                ini_openrewrite
 *fill*         0x0000000000017c08        0x8 
 .text.ini_close
                0x0000000000017c10       0x28 minGlue.o
                0x0000000000017c10                ini_close
 *fill*         0x0000000000017c38        0x8 
 .text.ini_read
                0x0000000000017c40       0xa0 minGlue.o
                0x0000000000017c40                ini_read
 .text.ini_write
                0x0000000000017ce0       0x64 minGlue.o
                0x0000000000017ce0                ini_write
 *fill*         0x0000000000017d44        0xc 
 .text.ini_tell
                0x0000000000017d50       0x10 minGlue.o
                0x0000000000017d50                ini_tell
 .text.ini_seek
                0x0000000000017d60       0x10 minGlue.o
                0x0000000000017d60                ini_seek
 .text.ini_rename
                0x0000000000017d70       0xbc minGlue.o
                0x0000000000017d70                ini_rename
 *fill*         0x0000000000017e2c        0x4 
 .text.ini_remove
                0x0000000000017e30       0x8c minGlue.o
                0x0000000000017e30                ini_remove
 *fill*         0x0000000000017ebc        0x4 
 .text.cache_flush
                0x0000000000017ec0      0x1cc minIni.o
 *fill*         0x000000000001808c        0x4 
 .text.ini_strncpy.isra.0
                0x0000000000018090      0x294 minIni.o
 *fill*         0x0000000000018324        0xc 
 .text.writekey
                0x0000000000018330      0x13c minIni.o
 *fill*         0x000000000001846c        0x4 
 .text.writesection
                0x0000000000018470       0x84 minIni.o
 *fill*         0x00000000000184f4        0xc 
 .text.cleanstring.part.0
                0x0000000000018500      0x130 minIni.o
 .text.getkeystring
                0x0000000000018630      0x4a4 minIni.o
 *fill*         0x0000000000018ad4        0xc 
 .text.ini_gets.part.0
                0x0000000000018ae0       0xc4 minIni.o
 *fill*         0x0000000000018ba4        0xc 
 .text.ini_gets
                0x0000000000018bb0       0x1c minIni.o
                0x0000000000018bb0                ini_gets
 *fill*         0x0000000000018bcc        0x4 
 .text.ini_getl
                0x0000000000018bd0       0xb0 minIni.o
                0x0000000000018bd0                ini_getl
 .text.ini_getbool
                0x0000000000018c80       0xbc minIni.o
                0x0000000000018c80                ini_getbool
 *fill*         0x0000000000018d3c        0x4 
 .text.ini_haskey
                0x0000000000018d40       0x84 minIni.o
                0x0000000000018d40                ini_haskey
 *fill*         0x0000000000018dc4        0xc 
 .text.ini_puts
                0x0000000000018dd0      0x870 minIni.o
                0x0000000000018dd0                ini_puts
 .text.ini_putl
                0x0000000000019640       0xf4 minIni.o
                0x0000000000019640                ini_putl
 *fill*         0x0000000000019734        0xc 
 .text.eventLoadRemote
                0x0000000000019740        0xc C:/devkitPro/libnx/lib\libnx.a(event.o)
                0x0000000000019740                eventLoadRemote
 *fill*         0x000000000001974c        0x4 
 .text.eventWait
                0x0000000000019750       0x34 C:/devkitPro/libnx/lib\libnx.a(event.o)
                0x0000000000019750                eventWait
 *fill*         0x0000000000019784        0xc 
 .text.eventClose
                0x0000000000019790       0x54 C:/devkitPro/libnx/lib\libnx.a(event.o)
                0x0000000000019790                eventClose
 *fill*         0x00000000000197e4        0xc 
 .text.mutexLock
                0x00000000000197f0       0xc8 C:/devkitPro/libnx/lib\libnx.a(mutex.o)
                0x00000000000197f0                mutexLock
 *fill*         0x00000000000198b8        0x8 
 .text.mutexUnlock
                0x00000000000198c0       0x68 C:/devkitPro/libnx/lib\libnx.a(mutex.o)
                0x00000000000198c0                mutexUnlock
 *fill*         0x0000000000019928        0x8 
 .text.mutexIsLockedByCurrentThread
                0x0000000000019930       0x1c C:/devkitPro/libnx/lib\libnx.a(mutex.o)
                0x0000000000019930                mutexIsLockedByCurrentThread
 *fill*         0x000000000001994c        0x4 
 .text.rmutexLock
                0x0000000000019950       0x58 C:/devkitPro/libnx/lib\libnx.a(mutex.o)
                0x0000000000019950                rmutexLock
 *fill*         0x00000000000199a8        0x8 
 .text.rmutexUnlock
                0x00000000000199b0       0x1c C:/devkitPro/libnx/lib\libnx.a(mutex.o)
                0x00000000000199b0                rmutexUnlock
 *fill*         0x00000000000199cc        0x4 
 .text.randomGet
                0x00000000000199d0      0x410 C:/devkitPro/libnx/lib\libnx.a(random.o)
                0x00000000000199d0                randomGet
 .text.randomGet64
                0x0000000000019de0       0x20 C:/devkitPro/libnx/lib\libnx.a(random.o)
                0x0000000000019de0                randomGet64
 .text.__libnx_init_thread
                0x0000000000019e00       0xb0 C:/devkitPro/libnx/lib\libnx.a(thread.o)
                0x0000000000019e00                __libnx_init_thread
 .text.threadCreate
                0x0000000000019eb0      0x34c C:/devkitPro/libnx/lib\libnx.a(thread.o)
                0x0000000000019eb0                threadCreate
 *fill*         0x000000000001a1fc        0x4 
 .text.threadExit
                0x000000000001a200       0xa4 C:/devkitPro/libnx/lib\libnx.a(thread.o)
                0x000000000001a200                threadExit
 *fill*         0x000000000001a2a4        0xc 
 .text._EntryWrap
                0x000000000001a2b0       0xac C:/devkitPro/libnx/lib\libnx.a(thread.o)
 *fill*         0x000000000001a35c        0x4 
 .text.threadStart
                0x000000000001a360        0x8 C:/devkitPro/libnx/lib\libnx.a(thread.o)
                0x000000000001a360                threadStart
 *fill*         0x000000000001a368        0x8 
 .text.threadWaitForExit
                0x000000000001a370       0x2c C:/devkitPro/libnx/lib\libnx.a(thread.o)
                0x000000000001a370                threadWaitForExit
 *fill*         0x000000000001a39c        0x4 
 .text.threadClose
                0x000000000001a3a0       0xa4 C:/devkitPro/libnx/lib\libnx.a(thread.o)
                0x000000000001a3a0                threadClose
 *fill*         0x000000000001a444        0xc 
 .text.threadTlsGet
                0x000000000001a450       0x10 C:/devkitPro/libnx/lib\libnx.a(thread.o)
                0x000000000001a450                threadTlsGet
 .text.threadTlsSet
                0x000000000001a460       0x10 C:/devkitPro/libnx/lib\libnx.a(thread.o)
                0x000000000001a460                threadTlsSet
 .text.threadTlsAlloc
                0x000000000001a470       0xd8 C:/devkitPro/libnx/lib\libnx.a(thread.o)
                0x000000000001a470                threadTlsAlloc
 *fill*         0x000000000001a548        0x8 
 .text.threadTlsFree
                0x000000000001a550       0x44 C:/devkitPro/libnx/lib\libnx.a(thread.o)
                0x000000000001a550                threadTlsFree
 *fill*         0x000000000001a594        0xc 
 .text._memregionInitWithInfo
                0x000000000001a5a0       0x64 C:/devkitPro/libnx/lib\libnx.a(virtmem.o)
 *fill*         0x000000000001a604        0xc 
 .text.__libnx_virtmem_rng
                0x000000000001a610        0x4 C:/devkitPro/libnx/lib\libnx.a(virtmem.o)
                0x000000000001a610                __libnx_virtmem_rng
 *fill*         0x000000000001a614        0xc 
 .text._memregionFindRandom
                0x000000000001a620      0x164 C:/devkitPro/libnx/lib\libnx.a(virtmem.o)
 *fill*         0x000000000001a784        0xc 
 .text.virtmemSetup
                0x000000000001a790      0x140 C:/devkitPro/libnx/lib\libnx.a(virtmem.o)
                0x000000000001a790                virtmemSetup
 .text.virtmemLock
                0x000000000001a8d0        0xc C:/devkitPro/libnx/lib\libnx.a(virtmem.o)
                0x000000000001a8d0                virtmemLock
 *fill*         0x000000000001a8dc        0x4 
 .text.virtmemUnlock
                0x000000000001a8e0        0xc C:/devkitPro/libnx/lib\libnx.a(virtmem.o)
                0x000000000001a8e0                virtmemUnlock
 *fill*         0x000000000001a8ec        0x4 
 .text.virtmemFindStack
                0x000000000001a8f0       0x50 C:/devkitPro/libnx/lib\libnx.a(virtmem.o)
                0x000000000001a8f0                virtmemFindStack
 .text.waitObjects
                0x000000000001a940      0x57c C:/devkitPro/libnx/lib\libnx.a(wait.o)
                0x000000000001a940                waitObjects
 *fill*         0x000000000001aebc        0x4 
 .text.waitHandles
                0x000000000001aec0      0x118 C:/devkitPro/libnx/lib\libnx.a(wait.o)
                0x000000000001aec0                waitHandles
 *fill*         0x000000000001afd8        0x8 
 .text._audrenCleanup
                0x000000000001afe0       0x88 C:/devkitPro/libnx/lib\libnx.a(audren.o)
 *fill*         0x000000000001b068        0x8 
 .text._audrenCmdNoIO.constprop.0
                0x000000000001b070       0xbc C:/devkitPro/libnx/lib\libnx.a(audren.o)
 *fill*         0x000000000001b12c        0x4 
 .text.audrenInitialize
                0x000000000001b130      0x510 C:/devkitPro/libnx/lib\libnx.a(audren.o)
                0x000000000001b130                audrenInitialize
 .text.audrenExit
                0x000000000001b640       0x48 C:/devkitPro/libnx/lib\libnx.a(audren.o)
                0x000000000001b640                audrenExit
 *fill*         0x000000000001b688        0x8 
 .text.audrenWaitFrame
                0x000000000001b690       0x10 C:/devkitPro/libnx/lib\libnx.a(audren.o)
                0x000000000001b690                audrenWaitFrame
 .text.audrenRequestUpdateAudioRenderer
                0x000000000001b6a0      0x350 C:/devkitPro/libnx/lib\libnx.a(audren.o)
                0x000000000001b6a0                audrenRequestUpdateAudioRenderer
 .text.audrenStartAudioRenderer
                0x000000000001b9f0        0x8 C:/devkitPro/libnx/lib\libnx.a(audren.o)
                0x000000000001b9f0                audrenStartAudioRenderer
 *fill*         0x000000000001b9f8        0x8 
 .text._fsCleanup
                0x000000000001ba00       0xb4 C:/devkitPro/libnx/lib\libnx.a(fs.o)
 *fill*         0x000000000001bab4        0xc 
 .text._fsFsCmdWithInPath
                0x000000000001bac0      0x1e0 C:/devkitPro/libnx/lib\libnx.a(fs.o)
 .text._fsFsCmdWithTwoInPaths
                0x000000000001bca0      0x1f8 C:/devkitPro/libnx/lib\libnx.a(fs.o)
 *fill*         0x000000000001be98        0x8 
 .text._fsFsOpenCommon
                0x000000000001bea0      0x28c C:/devkitPro/libnx/lib\libnx.a(fs.o)
 *fill*         0x000000000001c12c        0x4 
 .text._fsObjectClose
                0x000000000001c130       0xf8 C:/devkitPro/libnx/lib\libnx.a(fs.o)
 *fill*         0x000000000001c228        0x8 
 .text._fsCmdGetSession.constprop.0
                0x000000000001c230      0x17c C:/devkitPro/libnx/lib\libnx.a(fs.o)
 *fill*         0x000000000001c3ac        0x4 
 .text.fsInitialize
                0x000000000001c3b0      0x2f8 C:/devkitPro/libnx/lib\libnx.a(fs.o)
                0x000000000001c3b0                fsInitialize
 *fill*         0x000000000001c6a8        0x8 
 .text.fsExit   0x000000000001c6b0       0x48 C:/devkitPro/libnx/lib\libnx.a(fs.o)
                0x000000000001c6b0                fsExit
 *fill*         0x000000000001c6f8        0x8 
 .text.fsOpenSdCardFileSystem
                0x000000000001c700        0x8 C:/devkitPro/libnx/lib\libnx.a(fs.o)
                0x000000000001c700                fsOpenSdCardFileSystem
 *fill*         0x000000000001c708        0x8 
 .text.fsFsCreateFile
                0x000000000001c710      0x1ec C:/devkitPro/libnx/lib\libnx.a(fs.o)
                0x000000000001c710                fsFsCreateFile
 *fill*         0x000000000001c8fc        0x4 
 .text.fsFsDeleteFile
                0x000000000001c900        0x8 C:/devkitPro/libnx/lib\libnx.a(fs.o)
                0x000000000001c900                fsFsDeleteFile
 *fill*         0x000000000001c908        0x8 
 .text.fsFsCreateDirectory
                0x000000000001c910        0x8 C:/devkitPro/libnx/lib\libnx.a(fs.o)
                0x000000000001c910                fsFsCreateDirectory
 *fill*         0x000000000001c918        0x8 
 .text.fsFsRenameFile
                0x000000000001c920        0x8 C:/devkitPro/libnx/lib\libnx.a(fs.o)
                0x000000000001c920                fsFsRenameFile
 *fill*         0x000000000001c928        0x8 
 .text.fsFsOpenFile
                0x000000000001c930        0x8 C:/devkitPro/libnx/lib\libnx.a(fs.o)
                0x000000000001c930                fsFsOpenFile
 *fill*         0x000000000001c938        0x8 
 .text.fsFsOpenDirectory
                0x000000000001c940        0x8 C:/devkitPro/libnx/lib\libnx.a(fs.o)
                0x000000000001c940                fsFsOpenDirectory
 *fill*         0x000000000001c948        0x8 
 .text.fsFsGetFileTimeStampRaw
                0x000000000001c950      0x230 C:/devkitPro/libnx/lib\libnx.a(fs.o)
                0x000000000001c950                fsFsGetFileTimeStampRaw
 .text.fsFsClose
                0x000000000001cb80        0x4 C:/devkitPro/libnx/lib\libnx.a(fs.o)
                0x000000000001cb80                fsFsClose
 *fill*         0x000000000001cb84        0xc 
 .text.fsFileRead
                0x000000000001cb90      0x214 C:/devkitPro/libnx/lib\libnx.a(fs.o)
                0x000000000001cb90                fsFileRead
 *fill*         0x000000000001cda4        0xc 
 .text.fsFileWrite
                0x000000000001cdb0      0x1f8 C:/devkitPro/libnx/lib\libnx.a(fs.o)
                0x000000000001cdb0                fsFileWrite
 *fill*         0x000000000001cfa8        0x8 
 .text.fsFileGetSize
                0x000000000001cfb0      0x1d4 C:/devkitPro/libnx/lib\libnx.a(fs.o)
                0x000000000001cfb0                fsFileGetSize
 *fill*         0x000000000001d184        0xc 
 .text.fsFileClose
                0x000000000001d190        0x4 C:/devkitPro/libnx/lib\libnx.a(fs.o)
                0x000000000001d190                fsFileClose
 *fill*         0x000000000001d194        0xc 
 .text.fsDirClose
                0x000000000001d1a0        0x4 C:/devkitPro/libnx/lib\libnx.a(fs.o)
                0x000000000001d1a0                fsDirClose
 *fill*         0x000000000001d1a4        0xc 
 .text.fsDirRead
                0x000000000001d1b0      0x204 C:/devkitPro/libnx/lib\libnx.a(fs.o)
                0x000000000001d1b0                fsDirRead
 *fill*         0x000000000001d3b4        0xc 
 .text._gpioCleanup
                0x000000000001d3c0       0x78 C:/devkitPro/libnx/lib\libnx.a(gpio.o)
 *fill*         0x000000000001d438        0x8 
 .text._gpioCmdNoInOutU32.isra.0
                0x000000000001d440       0xc8 C:/devkitPro/libnx/lib\libnx.a(gpio.o)
 *fill*         0x000000000001d508        0x8 
 .text.gpioInitialize
                0x000000000001d510       0x98 C:/devkitPro/libnx/lib\libnx.a(gpio.o)
                0x000000000001d510                gpioInitialize
 *fill*         0x000000000001d5a8        0x8 
 .text.gpioExit
                0x000000000001d5b0       0x48 C:/devkitPro/libnx/lib\libnx.a(gpio.o)
                0x000000000001d5b0                gpioExit
 *fill*         0x000000000001d5f8        0x8 
 .text.gpioOpenSession
                0x000000000001d600      0x104 C:/devkitPro/libnx/lib\libnx.a(gpio.o)
                0x000000000001d600                gpioOpenSession
 *fill*         0x000000000001d704        0xc 
 .text.gpioPadGetValue
                0x000000000001d710       0x14 C:/devkitPro/libnx/lib\libnx.a(gpio.o)
                0x000000000001d710                gpioPadGetValue
 *fill*         0x000000000001d724        0xc 
 .text.gpioPadClose
                0x000000000001d730       0x64 C:/devkitPro/libnx/lib\libnx.a(gpio.o)
                0x000000000001d730                gpioPadClose
 *fill*         0x000000000001d794        0xc 
 .text._pmCmdInU64OutU64
                0x000000000001d7a0       0xd0 C:/devkitPro/libnx/lib\libnx.a(pm.o)
 .text._pmdmntCleanup
                0x000000000001d870       0x78 C:/devkitPro/libnx/lib\libnx.a(pm.o)
 *fill*         0x000000000001d8e8        0x8 
 .text._pminfoCleanup
                0x000000000001d8f0       0x78 C:/devkitPro/libnx/lib\libnx.a(pm.o)
 *fill*         0x000000000001d968        0x8 
 .text.pmdmntInitialize
                0x000000000001d970       0xa0 C:/devkitPro/libnx/lib\libnx.a(pm.o)
                0x000000000001d970                pmdmntInitialize
 .text.pmdmntExit
                0x000000000001da10       0x48 C:/devkitPro/libnx/lib\libnx.a(pm.o)
                0x000000000001da10                pmdmntExit
 *fill*         0x000000000001da58        0x8 
 .text.pminfoInitialize
                0x000000000001da60       0xa0 C:/devkitPro/libnx/lib\libnx.a(pm.o)
                0x000000000001da60                pminfoInitialize
 .text.pminfoExit
                0x000000000001db00       0x48 C:/devkitPro/libnx/lib\libnx.a(pm.o)
                0x000000000001db00                pminfoExit
 *fill*         0x000000000001db48        0x8 
 .text.pmdmntGetApplicationProcessId
                0x000000000001db50       0xe4 C:/devkitPro/libnx/lib\libnx.a(pm.o)
                0x000000000001db50                pmdmntGetApplicationProcessId
 *fill*         0x000000000001dc34        0xc 
 .text.pminfoGetProgramId
                0x000000000001dc40       0x10 C:/devkitPro/libnx/lib\libnx.a(pm.o)
                0x000000000001dc40                pminfoGetProgramId
 .text._pscmCleanup
                0x000000000001dc50       0xa8 C:/devkitPro/libnx/lib\libnx.a(psc.o)
 *fill*         0x000000000001dcf8        0x8 
 .text.pscmInitialize
                0x000000000001dd00      0x228 C:/devkitPro/libnx/lib\libnx.a(psc.o)
                0x000000000001dd00                pscmInitialize
 *fill*         0x000000000001df28        0x8 
 .text.pscmExit
                0x000000000001df30       0x48 C:/devkitPro/libnx/lib\libnx.a(psc.o)
                0x000000000001df30                pscmExit
 *fill*         0x000000000001df78        0x8 
 .text.pscPmModuleGetRequest
                0x000000000001df80       0xf8 C:/devkitPro/libnx/lib\libnx.a(psc.o)
                0x000000000001df80                pscPmModuleGetRequest
 *fill*         0x000000000001e078        0x8 
 .text.pscPmModuleAcknowledge
                0x000000000001e080      0x188 C:/devkitPro/libnx/lib\libnx.a(psc.o)
                0x000000000001e080                pscPmModuleAcknowledge
 *fill*         0x000000000001e208        0x8 
 .text.pscPmModuleFinalize
                0x000000000001e210       0xcc C:/devkitPro/libnx/lib\libnx.a(psc.o)
                0x000000000001e210                pscPmModuleFinalize
 *fill*         0x000000000001e2dc        0x4 
 .text.pscPmModuleClose
                0x000000000001e2e0       0x94 C:/devkitPro/libnx/lib\libnx.a(psc.o)
                0x000000000001e2e0                pscPmModuleClose
 *fill*         0x000000000001e374        0xc 
 .text.pscmGetPmModule
                0x000000000001e380      0x258 C:/devkitPro/libnx/lib\libnx.a(psc.o)
                0x000000000001e380                pscmGetPmModule
 *fill*         0x000000000001e5d8        0x8 
 .text._setsysGetFirmwareVersionImpl
                0x000000000001e5e0       0xd0 C:/devkitPro/libnx/lib\libnx.a(set.o)
 .text._setsysCleanup
                0x000000000001e6b0       0x78 C:/devkitPro/libnx/lib\libnx.a(set.o)
 *fill*         0x000000000001e728        0x8 
 .text.setsysInitialize
                0x000000000001e730       0xa0 C:/devkitPro/libnx/lib\libnx.a(set.o)
                0x000000000001e730                setsysInitialize
 .text.setsysExit
                0x000000000001e7d0       0x48 C:/devkitPro/libnx/lib\libnx.a(set.o)
                0x000000000001e7d0                setsysExit
 *fill*         0x000000000001e818        0x8 
 .text.setsysGetFirmwareVersion
                0x000000000001e820       0x48 C:/devkitPro/libnx/lib\libnx.a(set.o)
                0x000000000001e820                setsysGetFirmwareVersion
 *fill*         0x000000000001e868        0x8 
 .text._smCmifCmdInPid
                0x000000000001e870       0xcc C:/devkitPro/libnx/lib\libnx.a(sm.o)
 *fill*         0x000000000001e93c        0x4 
 .text._smCleanup
                0x000000000001e940       0x78 C:/devkitPro/libnx/lib\libnx.a(sm.o)
 *fill*         0x000000000001e9b8        0x8 
 .text.smAddOverrideHandle
                0x000000000001e9c0       0x48 C:/devkitPro/libnx/lib\libnx.a(sm.o)
                0x000000000001e9c0                smAddOverrideHandle
 *fill*         0x000000000001ea08        0x8 
 .text.smGetServiceOverride
                0x000000000001ea10       0x54 C:/devkitPro/libnx/lib\libnx.a(sm.o)
                0x000000000001ea10                smGetServiceOverride
 *fill*         0x000000000001ea64        0xc 
 .text.smInitialize
                0x000000000001ea70      0x1ac C:/devkitPro/libnx/lib\libnx.a(sm.o)
                0x000000000001ea70                smInitialize
 *fill*         0x000000000001ec1c        0x4 
 .text.smExit   0x000000000001ec20       0x48 C:/devkitPro/libnx/lib\libnx.a(sm.o)
                0x000000000001ec20                smExit
 *fill*         0x000000000001ec68        0x8 
 .text.smGetServiceOriginal
                0x000000000001ec70       0xd0 C:/devkitPro/libnx/lib\libnx.a(sm.o)
                0x000000000001ec70                smGetServiceOriginal
 .text.smGetServiceWrapper
                0x000000000001ed40      0x120 C:/devkitPro/libnx/lib\libnx.a(sm.o)
                0x000000000001ed40                smGetServiceWrapper
 .text.audrvCreate
                0x000000000001ee60      0x388 C:/devkitPro/libnx/lib\libnx.a(driver.o)
                0x000000000001ee60                audrvCreate
 *fill*         0x000000000001f1e8        0x8 
 .text.audrvUpdate
                0x000000000001f1f0      0x144 C:/devkitPro/libnx/lib\libnx.a(driver.o)
                0x000000000001f1f0                audrvUpdate
 *fill*         0x000000000001f334        0xc 
 .text.audrvClose
                0x000000000001f340       0x4c C:/devkitPro/libnx/lib\libnx.a(driver.o)
                0x000000000001f340                audrvClose
 *fill*         0x000000000001f38c        0x4 
 .text.audrvMemPoolAdd
                0x000000000001f390       0x58 C:/devkitPro/libnx/lib\libnx.a(mempool.o)
                0x000000000001f390                audrvMemPoolAdd
 *fill*         0x000000000001f3e8        0x8 
 .text.audrvMemPoolAttach
                0x000000000001f3f0       0x7c C:/devkitPro/libnx/lib\libnx.a(mempool.o)
                0x000000000001f3f0                audrvMemPoolAttach
 *fill*         0x000000000001f46c        0x4 
 .text.audrvDeviceSinkAdd
                0x000000000001f470       0xcc C:/devkitPro/libnx/lib\libnx.a(sink.o)
                0x000000000001f470                audrvDeviceSinkAdd
 *fill*         0x000000000001f53c        0x4 
 .text._audrvVoiceQueueWaveBufs
                0x000000000001f540       0xc0 C:/devkitPro/libnx/lib\libnx.a(voice.o)
 .text.audrvVoiceDrop
                0x000000000001f600       0xe8 C:/devkitPro/libnx/lib\libnx.a(voice.o)
                0x000000000001f600                audrvVoiceDrop
 *fill*         0x000000000001f6e8        0x8 
 .text.audrvVoiceInit
                0x000000000001f6f0      0x1ac C:/devkitPro/libnx/lib\libnx.a(voice.o)
                0x000000000001f6f0                audrvVoiceInit
 *fill*         0x000000000001f89c        0x4 
 .text.audrvVoiceAddWaveBuf
                0x000000000001f8a0       0xa8 C:/devkitPro/libnx/lib\libnx.a(voice.o)
                0x000000000001f8a0                audrvVoiceAddWaveBuf
 *fill*         0x000000000001f948        0x8 
 .text._audrvVoiceUpdate
                0x000000000001f950       0xc0 C:/devkitPro/libnx/lib\libnx.a(voice.o)
                0x000000000001f950                _audrvVoiceUpdate
 .text.__libnx_alloc
                0x000000000001fa10        0x4 C:/devkitPro/libnx/lib\libnx.a(alloc.o)
                0x000000000001fa10                __libnx_alloc
 *fill*         0x000000000001fa14        0xc 
 .text.__libnx_aligned_alloc
                0x000000000001fa20       0x14 C:/devkitPro/libnx/lib\libnx.a(alloc.o)
                0x000000000001fa20                __libnx_aligned_alloc
 *fill*         0x000000000001fa34        0xc 
 .text.__libnx_free
                0x000000000001fa40        0x4 C:/devkitPro/libnx/lib\libnx.a(alloc.o)
                0x000000000001fa40                __libnx_free
 *fill*         0x000000000001fa44        0xc 
 .text.diagAbortWithResult
                0x000000000001fa50       0x1c C:/devkitPro/libnx/lib\libnx.a(diag.o)
                0x000000000001fa50                diagAbortWithResult
 *fill*         0x000000000001fa6c        0x4 
 .text.envSetup
                0x000000000001fa70      0x208 C:/devkitPro/libnx/lib\libnx.a(env.o)
                0x000000000001fa70                envSetup
 *fill*         0x000000000001fc78        0x8 
 .text.envGetMainThreadHandle
                0x000000000001fc80       0x20 C:/devkitPro/libnx/lib\libnx.a(env.o)
                0x000000000001fc80                envGetMainThreadHandle
 .text.envIsNso
                0x000000000001fca0        0xc C:/devkitPro/libnx/lib\libnx.a(env.o)
                0x000000000001fca0                envIsNso
 *fill*         0x000000000001fcac        0x4 
 .text.envHasArgv
                0x000000000001fcb0       0x14 C:/devkitPro/libnx/lib\libnx.a(env.o)
                0x000000000001fcb0                envHasArgv
 *fill*         0x000000000001fcc4        0xc 
 .text.envGetArgv
                0x000000000001fcd0        0xc C:/devkitPro/libnx/lib\libnx.a(env.o)
                0x000000000001fcd0                envGetArgv
 *fill*         0x000000000001fcdc        0x4 
 .text.envGetExitFuncPtr
                0x000000000001fce0        0xc C:/devkitPro/libnx/lib\libnx.a(env.o)
                0x000000000001fce0                envGetExitFuncPtr
 *fill*         0x000000000001fcec        0x4 
 .text.envHasRandomSeed
                0x000000000001fcf0        0xc C:/devkitPro/libnx/lib\libnx.a(env.o)
                0x000000000001fcf0                envHasRandomSeed
 *fill*         0x000000000001fcfc        0x4 
 .text.envGetRandomSeed
                0x000000000001fd00       0x10 C:/devkitPro/libnx/lib\libnx.a(env.o)
                0x000000000001fd00                envGetRandomSeed
 .text.hosversionGet
                0x000000000001fd10       0x14 C:/devkitPro/libnx/lib\libnx.a(hosversion.o)
                0x000000000001fd10                hosversionGet
 *fill*         0x000000000001fd24        0xc 
 .text.hosversionSet
                0x000000000001fd30       0x10 C:/devkitPro/libnx/lib\libnx.a(hosversion.o)
                0x000000000001fd30                hosversionSet
 .text.armDCacheFlush
                0x000000000001fd40       0x4c C:/devkitPro/libnx/lib\libnx.a(cache.o)
                0x000000000001fd40                armDCacheFlush
 .text.svcSetMemoryPermission
                0x000000000001fd8c        0x8 C:/devkitPro/libnx/lib\libnx.a(svc.o)
                0x000000000001fd8c                svcSetMemoryPermission
 .text.svcSetMemoryAttribute
                0x000000000001fd94        0x8 C:/devkitPro/libnx/lib\libnx.a(svc.o)
                0x000000000001fd94                svcSetMemoryAttribute
 .text.svcMapMemory
                0x000000000001fd9c        0x8 C:/devkitPro/libnx/lib\libnx.a(svc.o)
                0x000000000001fd9c                svcMapMemory
 .text.svcUnmapMemory
                0x000000000001fda4        0x8 C:/devkitPro/libnx/lib\libnx.a(svc.o)
                0x000000000001fda4                svcUnmapMemory
 .text.svcQueryMemory
                0x000000000001fdac       0x14 C:/devkitPro/libnx/lib\libnx.a(svc.o)
                0x000000000001fdac                svcQueryMemory
 .text.svcExitProcess
                0x000000000001fdc0        0x8 C:/devkitPro/libnx/lib\libnx.a(svc.o)
                0x000000000001fdc0                svcExitProcess
 .text.svcCreateThread
                0x000000000001fdc8       0x14 C:/devkitPro/libnx/lib\libnx.a(svc.o)
                0x000000000001fdc8                svcCreateThread
 .text.svcStartThread
                0x000000000001fddc        0x8 C:/devkitPro/libnx/lib\libnx.a(svc.o)
                0x000000000001fddc                svcStartThread
 .text.svcExitThread
                0x000000000001fde4        0x8 C:/devkitPro/libnx/lib\libnx.a(svc.o)
                0x000000000001fde4                svcExitThread
 .text.svcSleepThread
                0x000000000001fdec        0x8 C:/devkitPro/libnx/lib\libnx.a(svc.o)
                0x000000000001fdec                svcSleepThread
 .text.svcCreateTransferMemory
                0x000000000001fdf4       0x14 C:/devkitPro/libnx/lib\libnx.a(svc.o)
                0x000000000001fdf4                svcCreateTransferMemory
 .text.svcCloseHandle
                0x000000000001fe08        0x8 C:/devkitPro/libnx/lib\libnx.a(svc.o)
                0x000000000001fe08                svcCloseHandle
 .text.svcResetSignal
                0x000000000001fe10        0x8 C:/devkitPro/libnx/lib\libnx.a(svc.o)
                0x000000000001fe10                svcResetSignal
 .text.svcWaitSynchronization
                0x000000000001fe18       0x14 C:/devkitPro/libnx/lib\libnx.a(svc.o)
                0x000000000001fe18                svcWaitSynchronization
 .text.svcCancelSynchronization
                0x000000000001fe2c        0x8 C:/devkitPro/libnx/lib\libnx.a(svc.o)
                0x000000000001fe2c                svcCancelSynchronization
 .text.svcArbitrateLock
                0x000000000001fe34        0x8 C:/devkitPro/libnx/lib\libnx.a(svc.o)
                0x000000000001fe34                svcArbitrateLock
 .text.svcArbitrateUnlock
                0x000000000001fe3c        0x8 C:/devkitPro/libnx/lib\libnx.a(svc.o)
                0x000000000001fe3c                svcArbitrateUnlock
 .text.svcWaitProcessWideKeyAtomic
                0x000000000001fe44        0x8 C:/devkitPro/libnx/lib\libnx.a(svc.o)
                0x000000000001fe44                svcWaitProcessWideKeyAtomic
 .text.svcSignalProcessWideKey
                0x000000000001fe4c        0x8 C:/devkitPro/libnx/lib\libnx.a(svc.o)
                0x000000000001fe4c                svcSignalProcessWideKey
 .text.svcConnectToNamedPort
                0x000000000001fe54       0x14 C:/devkitPro/libnx/lib\libnx.a(svc.o)
                0x000000000001fe54                svcConnectToNamedPort
 .text.svcSendSyncRequest
                0x000000000001fe68        0x8 C:/devkitPro/libnx/lib\libnx.a(svc.o)
                0x000000000001fe68                svcSendSyncRequest
 .text.svcBreak
                0x000000000001fe70        0x8 C:/devkitPro/libnx/lib\libnx.a(svc.o)
                0x000000000001fe70                svcBreak
 .text.svcReturnFromException
                0x000000000001fe78        0x8 C:/devkitPro/libnx/lib\libnx.a(svc.o)
                0x000000000001fe78                svcReturnFromException
 .text.svcGetInfo
                0x000000000001fe80       0x14 C:/devkitPro/libnx/lib\libnx.a(svc.o)
                0x000000000001fe80                svcGetInfo
 .text.svcAcceptSession
                0x000000000001fe94       0x14 C:/devkitPro/libnx/lib\libnx.a(svc.o)
                0x000000000001fe94                svcAcceptSession
 .text.svcReplyAndReceive
                0x000000000001fea8       0x14 C:/devkitPro/libnx/lib\libnx.a(svc.o)
                0x000000000001fea8                svcReplyAndReceive
 .text.svcUnmapTransferMemory
                0x000000000001febc        0x8 C:/devkitPro/libnx/lib\libnx.a(svc.o)
                0x000000000001febc                svcUnmapTransferMemory
 .text.svcManageNamedPort
                0x000000000001fec4       0x14 C:/devkitPro/libnx/lib\libnx.a(svc.o)
                0x000000000001fec4                svcManageNamedPort
 .text.__aarch64_read_tp
                0x000000000001fed8        0xc C:/devkitPro/libnx/lib\libnx.a(readtp.o)
                0x000000000001fed8                __aarch64_read_tp
 *fill*         0x000000000001fee4        0xc 
 .text.tmemCreate
                0x000000000001fef0       0xa8 C:/devkitPro/libnx/lib\libnx.a(tmem.o)
                0x000000000001fef0                tmemCreate
 *fill*         0x000000000001ff98        0x8 
 .text.tmemUnmap
                0x000000000001ffa0       0x34 C:/devkitPro/libnx/lib\libnx.a(tmem.o)
                0x000000000001ffa0                tmemUnmap
 *fill*         0x000000000001ffd4        0xc 
 .text.tmemCloseHandle
                0x000000000001ffe0       0x30 C:/devkitPro/libnx/lib\libnx.a(tmem.o)
                0x000000000001ffe0                tmemCloseHandle
 .text.tmemClose
                0x0000000000020010       0x50 C:/devkitPro/libnx/lib\libnx.a(tmem.o)
                0x0000000000020010                tmemClose
 .text.sessionmgrCreate
                0x0000000000020060      0x184 C:/devkitPro/libnx/lib\libnx.a(sessionmgr.o)
                0x0000000000020060                sessionmgrCreate
 *fill*         0x00000000000201e4        0xc 
 .text.sessionmgrClose
                0x00000000000201f0       0x84 C:/devkitPro/libnx/lib\libnx.a(sessionmgr.o)
                0x00000000000201f0                sessionmgrClose
 *fill*         0x0000000000020274        0xc 
 .text.sessionmgrAttachClient
                0x0000000000020280       0xa8 C:/devkitPro/libnx/lib\libnx.a(sessionmgr.o)
                0x0000000000020280                sessionmgrAttachClient
 *fill*         0x0000000000020328        0x8 
 .text.sessionmgrDetachClient
                0x0000000000020330       0x60 C:/devkitPro/libnx/lib\libnx.a(sessionmgr.o)
                0x0000000000020330                sessionmgrDetachClient
 .text.appletGetAppletResourceUserId
                0x0000000000020390        0xc C:/devkitPro/libnx/lib\libnx.a(applet.o)
                0x0000000000020390                appletGetAppletResourceUserId
 *fill*         0x000000000002039c        0x4 
 .text.argvSetup
                0x00000000000203a0      0x314 C:/devkitPro/libnx/lib\libnx.a(argv.o)
                0x00000000000203a0                argvSetup
 *fill*         0x00000000000206b4        0xc 
 .text.__nx_dynamic
                0x00000000000206c0      0x1fc C:/devkitPro/libnx/lib\libnx.a(dynamic.o)
                0x00000000000206c0                __nx_dynamic
 *fill*         0x00000000000208bc        0x4 
 .text.__libnx_init
                0x00000000000208c0       0x2c C:/devkitPro/libnx/lib\libnx.a(init.o)
                0x00000000000208c0                __libnx_init
 *fill*         0x00000000000208ec        0x4 
 .text.__libnx_exit
                0x00000000000208f0       0x1c C:/devkitPro/libnx/lib\libnx.a(init.o)
                0x00000000000208f0                __libnx_exit
 *fill*         0x000000000002090c        0x4 
 .text.__syscall_exit
                0x0000000000020910       0x1c C:/devkitPro/libnx/lib\libnx.a(newlib.o)
                0x0000000000020910                __syscall_exit
 *fill*         0x000000000002092c        0x4 
 .text.__syscall_getreent
                0x0000000000020930       0x34 C:/devkitPro/libnx/lib\libnx.a(newlib.o)
                0x0000000000020930                __syscall_getreent
 *fill*         0x0000000000020964        0xc 
 .text.__syscall_lock_acquire
                0x0000000000020970        0x4 C:/devkitPro/libnx/lib\libnx.a(newlib.o)
                0x0000000000020970                __syscall_lock_acquire
 *fill*         0x0000000000020974        0xc 
 .text.__syscall_lock_release
                0x0000000000020980        0x4 C:/devkitPro/libnx/lib\libnx.a(newlib.o)
                0x0000000000020980                __syscall_lock_release
 *fill*         0x0000000000020984        0xc 
 .text.__syscall_lock_acquire_recursive
                0x0000000000020990        0x4 C:/devkitPro/libnx/lib\libnx.a(newlib.o)
                0x0000000000020990                __syscall_lock_acquire_recursive
 *fill*         0x0000000000020994        0xc 
 .text.__syscall_lock_release_recursive
                0x00000000000209a0        0x4 C:/devkitPro/libnx/lib\libnx.a(newlib.o)
                0x00000000000209a0                __syscall_lock_release_recursive
 *fill*         0x00000000000209a4        0xc 
 .text.__syscall_cond_broadcast
                0x00000000000209b0       0x1c C:/devkitPro/libnx/lib\libnx.a(newlib.o)
                0x00000000000209b0                __syscall_cond_broadcast
 *fill*         0x00000000000209cc        0x4 
 .text.__syscall_cond_wait
                0x00000000000209d0       0x3c C:/devkitPro/libnx/lib\libnx.a(newlib.o)
                0x00000000000209d0                __syscall_cond_wait
 *fill*         0x0000000000020a0c        0x4 
 .text.__syscall_tls_create
                0x0000000000020a10       0x40 C:/devkitPro/libnx/lib\libnx.a(newlib.o)
                0x0000000000020a10                __syscall_tls_create
 .text.__syscall_tls_set
                0x0000000000020a50       0x18 C:/devkitPro/libnx/lib\libnx.a(newlib.o)
                0x0000000000020a50                __syscall_tls_set
 *fill*         0x0000000000020a68        0x8 
 .text.__syscall_tls_get
                0x0000000000020a70        0x4 C:/devkitPro/libnx/lib\libnx.a(newlib.o)
                0x0000000000020a70                __syscall_tls_get
 *fill*         0x0000000000020a74        0xc 
 .text.__syscall_tls_delete
                0x0000000000020a80       0x18 C:/devkitPro/libnx/lib\libnx.a(newlib.o)
                0x0000000000020a80                __syscall_tls_delete
 *fill*         0x0000000000020a98        0x8 
 .text.newlibSetup
                0x0000000000020aa0       0x98 C:/devkitPro/libnx/lib\libnx.a(newlib.o)
                0x0000000000020aa0                newlibSetup
 *fill*         0x0000000000020b38        0x8 
 .text.nxlinkSetup
                0x0000000000020b40       0xe8 C:/devkitPro/libnx/lib\libnx.a(nxlink.o)
                0x0000000000020b40                nxlinkSetup
 .text.__libnx_exception_entry
                0x0000000000020c28      0x1c0 C:/devkitPro/libnx/lib\libnx.a(exception.o)
                0x0000000000020c28                __libnx_exception_entry
 .text.__libnx_exception_returnentry
                0x0000000000020de8       0x18 C:/devkitPro/libnx/lib\libnx.a(exception.o)
                0x0000000000020de8                __libnx_exception_returnentry
 .text.condvarWaitTimeout
                0x0000000000020e00       0x70 C:/devkitPro/libnx/lib\libnx.a(condvar.o)
                0x0000000000020e00                condvarWaitTimeout
 .text._ipcServerPrepareResponse
                0x0000000000020e70       0x58 C:/Users/dimas/RyazhaTune/sys-tune/nxExt/lib\libnxExt.a(ipc_server.o)
 *fill*         0x0000000000020ec8        0x8 
 .text._ipcServerProcessSession
                0x0000000000020ed0      0x368 C:/Users/dimas/RyazhaTune/sys-tune/nxExt/lib\libnxExt.a(ipc_server.o)
 *fill*         0x0000000000021238        0x8 
 .text.ipcServerInit
                0x0000000000021240      0x1f4 C:/Users/dimas/RyazhaTune/sys-tune/nxExt/lib\libnxExt.a(ipc_server.o)
                0x0000000000021240                ipcServerInit
 *fill*         0x0000000000021434        0xc 
 .text.ipcServerExit
                0x0000000000021440       0x60 C:/Users/dimas/RyazhaTune/sys-tune/nxExt/lib\libnxExt.a(ipc_server.o)
                0x0000000000021440                ipcServerExit
 .text.ipcServerProcess
                0x00000000000214a0       0xcc C:/Users/dimas/RyazhaTune/sys-tune/nxExt/lib\libnxExt.a(ipc_server.o)
                0x00000000000214a0                ipcServerProcess
 *fill*         0x000000000002156c       0x14 
 .text._ZdlPvm  0x0000000000021580        0x4 C:/devkitPro/devkitA64/bin/../lib/gcc/aarch64-none-elf/15.1.0/../../../../aarch64-none-elf/lib/pic\libstdc++.a(del_ops.o)
                0x0000000000021580                operator delete(void*, unsigned long)
 *fill*         0x0000000000021584       0x1c 
 .text._Znwm    0x00000000000215a0       0x68 C:/devkitPro/devkitA64/bin/../lib/gcc/aarch64-none-elf/15.1.0/../../../../aarch64-none-elf/lib/pic\libstdc++.a(new_op.o)
                0x00000000000215a0                operator new(unsigned long)
 *fill*         0x0000000000021608       0x18 
 .text._ZNKSt17bad_function_call4whatEv
                0x0000000000021620        0xc C:/devkitPro/devkitA64/bin/../lib/gcc/aarch64-none-elf/15.1.0/../../../../aarch64-none-elf/lib/pic\libstdc++.a(functional.o)
                0x0000000000021620                std::bad_function_call::what() const
 *fill*         0x000000000002162c       0x14 
 .text._ZNSt17bad_function_callD2Ev
                0x0000000000021640       0x14 C:/devkitPro/devkitA64/bin/../lib/gcc/aarch64-none-elf/15.1.0/../../../../aarch64-none-elf/lib/pic\libstdc++.a(functional.o)
                0x0000000000021640                std::bad_function_call::~bad_function_call()
                0x0000000000021640                std::bad_function_call::~bad_function_call()
 *fill*         0x0000000000021654        0xc 
 .text._ZNSt17bad_function_callD0Ev
                0x0000000000021660       0x1c C:/devkitPro/devkitA64/bin/../lib/gcc/aarch64-none-elf/15.1.0/../../../../aarch64-none-elf/lib/pic\libstdc++.a(functional.o)
                0x0000000000021660                std::bad_function_call::~bad_function_call()
 *fill*         0x000000000002167c        0x4 
 .text._ZNKSt9bad_alloc4whatEv
                0x0000000000021680        0xc C:/devkitPro/devkitA64/bin/../lib/gcc/aarch64-none-elf/15.1.0/../../../../aarch64-none-elf/lib/pic\libstdc++.a(bad_alloc.o)
                0x0000000000021680                std::bad_alloc::what() const
 *fill*         0x000000000002168c       0x14 
 .text._ZNSt9bad_allocD2Ev
                0x00000000000216a0       0x14 C:/devkitPro/devkitA64/bin/../lib/gcc/aarch64-none-elf/15.1.0/../../../../aarch64-none-elf/lib/pic\libstdc++.a(bad_alloc.o)
                0x00000000000216a0                std::bad_alloc::~bad_alloc()
                0x00000000000216a0                std::bad_alloc::~bad_alloc()
 *fill*         0x00000000000216b4        0xc 
 .text._ZNSt9bad_allocD0Ev
                0x00000000000216c0       0x20 C:/devkitPro/devkitA64/bin/../lib/gcc/aarch64-none-elf/15.1.0/../../../../aarch64-none-elf/lib/pic\libstdc++.a(bad_alloc.o)
                0x00000000000216c0                std::bad_alloc::~bad_alloc()
 .text._ZdlPv   0x00000000000216e0        0x4 C:/devkitPro/devkitA64/bin/../lib/gcc/aarch64-none-elf/15.1.0/../../../../aarch64-none-elf/lib/pic\libstdc++.a(del_op.o)
                0x00000000000216e0                operator delete(void*)
 *fill*         0x00000000000216e4       0x1c 
 .text._ZNK9__gnu_cxx24__concurrence_lock_error4whatEv
                0x0000000000021700        0xc C:/devkitPro/devkitA64/bin/../lib/gcc/aarch64-none-elf/15.1.0/../../../../aarch64-none-elf/lib/pic\libstdc++.a(eh_alloc.o)
                0x0000000000021700                __gnu_cxx::__concurrence_lock_error::what() const
 *fill*         0x000000000002170c       0x14 
 .text._ZNK9__gnu_cxx26__concurrence_unlock_error4whatEv
                0x0000000000021720        0xc C:/devkitPro/devkitA64/bin/../lib/gcc/aarch64-none-elf/15.1.0/../../../../aarch64-none-elf/lib/pic\libstdc++.a(eh_alloc.o)
                0x0000000000021720                __gnu_cxx::__concurrence_unlock_error::what() const
 *fill*         0x000000000002172c       0x14 
 .text._ZN9__gnu_cxx24__concurrence_lock_errorD2Ev
                0x0000000000021740       0x14 C:/devkitPro/devkitA64/bin/../lib/gcc/aarch64-none-elf/15.1.0/../../../../aarch64-none-elf/lib/pic\libstdc++.a(eh_alloc.o)
                0x0000000000021740                __gnu_cxx::__concurrence_lock_error::~__concurrence_lock_error()
                0x0000000000021740                __gnu_cxx::__concurrence_lock_error::~__concurrence_lock_error()
 *fill*         0x0000000000021754        0xc 
 .text._ZN9__gnu_cxx24__concurrence_lock_errorD0Ev
                0x0000000000021760       0x38 C:/devkitPro/devkitA64/bin/../lib/gcc/aarch64-none-elf/15.1.0/../../../../aarch64-none-elf/lib/pic\libstdc++.a(eh_alloc.o)
                0x0000000000021760                __gnu_cxx::__concurrence_lock_error::~__concurrence_lock_error()
 *fill*         0x0000000000021798        0x8 
 .text._ZN9__gnu_cxx26__concurrence_unlock_errorD2Ev
                0x00000000000217a0       0x14 C:/devkitPro/devkitA64/bin/../lib/gcc/aarch64-none-elf/15.1.0/../../../../aarch64-none-elf/lib/pic\libstdc++.a(eh_alloc.o)
                0x00000000000217a0                __gnu_cxx::__concurrence_unlock_error::~__concurrence_unlock_error()
                0x00000000000217a0                __gnu_cxx::__concurrence_unlock_error::~__concurrence_unlock_error()
 *fill*         0x00000000000217b4        0xc 
 .text._ZN9__gnu_cxx26__concurrence_unlock_errorD0Ev
                0x00000000000217c0       0x38 C:/devkitPro/devkitA64/bin/../lib/gcc/aarch64-none-elf/15.1.0/../../../../aarch64-none-elf/lib/pic\libstdc++.a(eh_alloc.o)
                0x00000000000217c0                __gnu_cxx::__concurrence_unlock_error::~__concurrence_unlock_error()
 *fill*         0x00000000000217f8        0x8 
 .text._ZN12_GLOBAL__N_14pool4freeEPv.constprop.0
                0x0000000000021800      0x110 C:/devkitPro/devkitA64/bin/../lib/gcc/aarch64-none-elf/15.1.0/../../../../aarch64-none-elf/lib/pic\libstdc++.a(eh_alloc.o)
 *fill*         0x0000000000021910       0x10 
 .text._ZN12_GLOBAL__N_14pool8allocateEm.constprop.0
                0x0000000000021920       0xcc C:/devkitPro/devkitA64/bin/../lib/gcc/aarch64-none-elf/15.1.0/../../../../aarch64-none-elf/lib/pic\libstdc++.a(eh_alloc.o)
 *fill*         0x00000000000219ec       0x14 
 .text.__cxa_allocate_exception
                0x0000000000021a00       0x58 C:/devkitPro/devkitA64/bin/../lib/gcc/aarch64-none-elf/15.1.0/../../../../aarch64-none-elf/lib/pic\libstdc++.a(eh_alloc.o)
                0x0000000000021a00                __cxa_allocate_exception
 *fill*         0x0000000000021a58        0x8 
 .text.__cxa_free_exception
                0x0000000000021a60       0x28 C:/devkitPro/devkitA64/bin/../lib/gcc/aarch64-none-elf/15.1.0/../../../../aarch64-none-elf/lib/pic\libstdc++.a(eh_alloc.o)
                0x0000000000021a60                __cxa_free_exception
 *fill*         0x0000000000021a88       0x18 
 .text.__cxa_begin_catch
                0x0000000000021aa0       0x9c C:/devkitPro/devkitA64/bin/../lib/gcc/aarch64-none-elf/15.1.0/../../../../aarch64-none-elf/lib/pic\libstdc++.a(eh_catch.o)
                0x0000000000021aa0                __cxa_begin_catch
 *fill*         0x0000000000021b3c        0x4 
 .text._ZNSt9exceptionD2Ev
                0x0000000000021b40        0x4 C:/devkitPro/devkitA64/bin/../lib/gcc/aarch64-none-elf/15.1.0/../../../../aarch64-none-elf/lib/pic\libstdc++.a(eh_exception.o)
                0x0000000000021b40                std::exception::~exception()
                0x0000000000021b40                std::exception::~exception()
 *fill*         0x0000000000021b44       0x1c 
 .text._ZL15eh_globals_dtorPv
                0x0000000000021b60       0x44 C:/devkitPro/devkitA64/bin/../lib/gcc/aarch64-none-elf/15.1.0/../../../../aarch64-none-elf/lib/pic\libstdc++.a(eh_globals.o)
 *fill*         0x0000000000021ba4       0x1c 
 .text.__cxa_get_globals
                0x0000000000021bc0       0x80 C:/devkitPro/devkitA64/bin/../lib/gcc/aarch64-none-elf/15.1.0/../../../../aarch64-none-elf/lib/pic\libstdc++.a(eh_globals.o)
                0x0000000000021bc0                __cxa_get_globals
 .text._ZL16get_adjusted_ptrPKSt9type_infoS1_PPv
                0x0000000000021c40       0x7c C:/devkitPro/devkitA64/bin/../lib/gcc/aarch64-none-elf/15.1.0/../../../../aarch64-none-elf/lib/pic\libstdc++.a(eh_personality.o)
 *fill*         0x0000000000021cbc        0x4 
 .text._ZL28read_encoded_value_with_basehmPKhPm
                0x0000000000021cc0      0x138 C:/devkitPro/devkitA64/bin/../lib/gcc/aarch64-none-elf/15.1.0/../../../../aarch64-none-elf/lib/pic\libstdc++.a(eh_personality.o)
 *fill*         0x0000000000021df8        0x8 
 .text._ZL21base_of_encoded_valuehP15_Unwind_Context
                0x0000000000021e00       0x64 C:/devkitPro/devkitA64/bin/../lib/gcc/aarch64-none-elf/15.1.0/../../../../aarch64-none-elf/lib/pic\libstdc++.a(eh_personality.o)
 *fill*         0x0000000000021e64       0x1c 
 .text._ZL20check_exception_specP16lsda_header_infoPKSt9type_infoPvl
                0x0000000000021e80      0x108 C:/devkitPro/devkitA64/bin/../lib/gcc/aarch64-none-elf/15.1.0/../../../../aarch64-none-elf/lib/pic\libstdc++.a(eh_personality.o)
 *fill*         0x0000000000021f88       0x18 
 .text._ZL17parse_lsda_headerP15_Unwind_ContextPKhP16lsda_header_info
                0x0000000000021fa0       0xf8 C:/devkitPro/devkitA64/bin/../lib/gcc/aarch64-none-elf/15.1.0/../../../../aarch64-none-elf/lib/pic\libstdc++.a(eh_personality.o)
 *fill*         0x0000000000022098        0x8 
 .text.__gxx_personality_v0
                0x00000000000220a0      0x630 C:/devkitPro/devkitA64/bin/../lib/gcc/aarch64-none-elf/15.1.0/../../../../aarch64-none-elf/lib/pic\libstdc++.a(eh_personality.o)
                0x00000000000220a0                __gxx_personality_v0
 *fill*         0x00000000000226d0       0x10 
 .text._ZN10__cxxabiv111__terminateEPFvvE
                0x00000000000226e0       0x18 C:/devkitPro/devkitA64/bin/../lib/gcc/aarch64-none-elf/15.1.0/../../../../aarch64-none-elf/lib/pic\libstdc++.a(eh_terminate.o)
                0x00000000000226e0                __cxxabiv1::__terminate(void (*)())
 *fill*         0x00000000000226f8        0x8 
 .text._ZSt13get_terminatev
                0x0000000000022700       0x10 C:/devkitPro/devkitA64/bin/../lib/gcc/aarch64-none-elf/15.1.0/../../../../aarch64-none-elf/lib/pic\libstdc++.a(eh_terminate.o)
                0x0000000000022700                std::get_terminate()
 *fill*         0x0000000000022710       0x10 
 .text._ZN10__cxxabiv112__unexpectedEPFvvE
                0x0000000000022720       0x10 C:/devkitPro/devkitA64/bin/../lib/gcc/aarch64-none-elf/15.1.0/../../../../aarch64-none-elf/lib/pic\libstdc++.a(eh_terminate.o)
                0x0000000000022720                __cxxabiv1::__unexpected(void (*)())
 *fill*         0x0000000000022730       0x10 
 .text._ZSt14get_unexpectedv
                0x0000000000022740       0x10 C:/devkitPro/devkitA64/bin/../lib/gcc/aarch64-none-elf/15.1.0/../../../../aarch64-none-elf/lib/pic\libstdc++.a(eh_terminate.o)
                0x0000000000022740                std::get_unexpected()
 *fill*         0x0000000000022750       0x10 
 .text._ZL23__gxx_exception_cleanup19_Unwind_Reason_CodeP17_Unwind_Exception
                0x0000000000022760       0x58 C:/devkitPro/devkitA64/bin/../lib/gcc/aarch64-none-elf/15.1.0/../../../../aarch64-none-elf/lib/pic\libstdc++.a(eh_throw.o)
 *fill*         0x00000000000227b8        0x8 
 .text.__cxa_init_primary_exception
                0x00000000000227c0       0x54 C:/devkitPro/devkitA64/bin/../lib/gcc/aarch64-none-elf/15.1.0/../../../../aarch64-none-elf/lib/pic\libstdc++.a(eh_throw.o)
                0x00000000000227c0                __cxa_init_primary_exception
 *fill*         0x0000000000022814        0xc 
 .text.__cxa_throw
                0x0000000000022820       0x5c C:/devkitPro/devkitA64/bin/../lib/gcc/aarch64-none-elf/15.1.0/../../../../aarch64-none-elf/lib/pic\libstdc++.a(eh_throw.o)
                0x0000000000022820                __cxa_throw
 *fill*         0x000000000002287c        0x4 
 .text._ZSt15get_new_handlerv
                0x0000000000022880       0x10 C:/devkitPro/devkitA64/bin/../lib/gcc/aarch64-none-elf/15.1.0/../../../../aarch64-none-elf/lib/pic\libstdc++.a(new_handler.o)
                0x0000000000022880                std::get_new_handler()
 *fill*         0x0000000000022890       0x10 
 .text._ZN10__cxxabiv120__si_class_type_infoD2Ev
                0x00000000000228a0       0x14 C:/devkitPro/devkitA64/bin/../lib/gcc/aarch64-none-elf/15.1.0/../../../../aarch64-none-elf/lib/pic\libstdc++.a(si_class_type_info.o)